Component: ARM Compiler 5.06 update 7 (build 960) Tool: armlink [4d3601]

==============================================================================

Section Cross References

    startup_stm32f103xe.o(STACK) refers (Special) to heapauxi.o(.text) for __use_two_region_memory
    startup_stm32f103xe.o(HEAP) refers (Special) to heapauxi.o(.text) for __use_two_region_memory
    startup_stm32f103xe.o(RESET) refers (Special) to heapauxi.o(.text) for __use_two_region_memory
    startup_stm32f103xe.o(RESET) refers to startup_stm32f103xe.o(STACK) for __initial_sp
    startup_stm32f103xe.o(RESET) refers to startup_stm32f103xe.o(.text) for Reset_Handler
    startup_stm32f103xe.o(RESET) refers to stm32f1xx_it.o(i.NMI_Handler) for NMI_Handler
    startup_stm32f103xe.o(RESET) refers to stm32f1xx_it.o(i.HardFault_Handler) for HardFault_Handler
    startup_stm32f103xe.o(RESET) refers to stm32f1xx_it.o(i.MemManage_Handler) for MemManage_Handler
    startup_stm32f103xe.o(RESET) refers to stm32f1xx_it.o(i.BusFault_Handler) for BusFault_Handler
    startup_stm32f103xe.o(RESET) refers to stm32f1xx_it.o(i.UsageFault_Handler) for UsageFault_Handler
    startup_stm32f103xe.o(RESET) refers to port.o(.emb_text) for SVC_Handler
    startup_stm32f103xe.o(RESET) refers to stm32f1xx_it.o(i.DebugMon_Handler) for DebugMon_Handler
    startup_stm32f103xe.o(RESET) refers to delay.o(i.SysTick_Handler) for SysTick_Handler
    startup_stm32f103xe.o(RESET) refers to adc.o(i.DMA1_Channel1_IRQHandler) for DMA1_Channel1_IRQHandler
    startup_stm32f103xe.o(RESET) refers to usart.o(i.USART1_IRQHandler) for USART1_IRQHandler
    startup_stm32f103xe.o(RESET) refers to usart.o(i.USART2_IRQHandler) for USART2_IRQHandler
    startup_stm32f103xe.o(RESET) refers to usart.o(i.USART3_IRQHandler) for USART3_IRQHandler
    startup_stm32f103xe.o(RESET) refers to btim.o(i.TIM6_IRQHandler) for TIM6_IRQHandler
    startup_stm32f103xe.o(.text) refers (Special) to heapauxi.o(.text) for __use_two_region_memory
    startup_stm32f103xe.o(.text) refers to system_stm32f1xx.o(i.SystemInit) for SystemInit
    startup_stm32f103xe.o(.text) refers to __main.o(!!!main) for __main
    startup_stm32f103xe.o(.text) refers to startup_stm32f103xe.o(HEAP) for Heap_Mem
    startup_stm32f103xe.o(.text) refers to startup_stm32f103xe.o(STACK) for Stack_Mem
    main.o(i.main) refers to stm32f1xx_hal.o(i.HAL_Init) for HAL_Init
    main.o(i.main) refers to sys.o(i.sys_stm32_clock_init) for sys_stm32_clock_init
    main.o(i.main) refers to delay.o(i.delay_init) for delay_init
    main.o(i.main) refers to usart.o(i.usart_init) for usart_init
    main.o(i.main) refers to light.o(i.led_init) for led_init
    main.o(i.main) refers to adc.o(i.adc_init) for adc_init
    main.o(i.main) refers to oled.o(i.OLED_Init) for OLED_Init
    main.o(i.main) refers to dht11.o(i.DHT11_GPIO_Config) for DHT11_GPIO_Config
    main.o(i.main) refers to freertos_demo.o(i.freertos_demo) for freertos_demo
    system_stm32f1xx.o(i.SystemCoreClockUpdate) refers to system_stm32f1xx.o(.data) for SystemCoreClock
    system_stm32f1xx.o(i.SystemCoreClockUpdate) refers to system_stm32f1xx.o(.constdata) for AHBPrescTable
    freertos_demo.o(i.freertos_demo) refers to event_groups.o(i.xEventGroupCreate) for xEventGroupCreate
    freertos_demo.o(i.freertos_demo) refers to queue.o(i.xQueueGenericCreate) for xQueueGenericCreate
    freertos_demo.o(i.freertos_demo) refers to tasks.o(i.xTaskCreate) for xTaskCreate
    freertos_demo.o(i.freertos_demo) refers to tasks.o(i.vTaskStartScheduler) for vTaskStartScheduler
    freertos_demo.o(i.freertos_demo) refers to freertos_demo.o(.data) for myEventGroup
    freertos_demo.o(i.freertos_demo) refers to freertos_demo.o(i.start_task) for start_task
    freertos_demo.o(i.start_task) refers to port.o(i.vPortEnterCritical) for vPortEnterCritical
    freertos_demo.o(i.start_task) refers to tasks.o(i.xTaskCreate) for xTaskCreate
    freertos_demo.o(i.start_task) refers to tasks.o(i.vTaskDelete) for vTaskDelete
    freertos_demo.o(i.start_task) refers to port.o(i.vPortExitCritical) for vPortExitCritical
    freertos_demo.o(i.start_task) refers to freertos_demo.o(.data) for Task1Task_Handler
    freertos_demo.o(i.start_task) refers to freertos_demo.o(i.task1) for task1
    freertos_demo.o(i.start_task) refers to freertos_demo.o(i.task2) for task2
    freertos_demo.o(i.start_task) refers to freertos_demo.o(i.task3) for task3
    freertos_demo.o(i.start_task) refers to freertos_demo.o(i.task4) for task4
    freertos_demo.o(i.start_task) refers to freertos_demo.o(i.task5) for task5
    freertos_demo.o(i.start_task) refers to freertos_demo.o(i.task6) for task6
    freertos_demo.o(i.start_task) refers to freertos_demo.o(i.task7) for task7
    freertos_demo.o(i.start_task) refers to freertos_demo.o(i.task8) for task8
    freertos_demo.o(i.task1) refers to tasks.o(i.xTaskGetTickCount) for xTaskGetTickCount
    freertos_demo.o(i.task1) refers to dht11.o(i.Read_DHT11) for Read_DHT11
[...]
    _sbackspace                              0x0800105b   Thumb Code    34  _sgetc.o(.text)
    __aeabi_memcpy4                          0x0800107d   Thumb Code     0  rt_memcpy_w.o(.text)
    __aeabi_memcpy8                          0x0800107d   Thumb Code     0  rt_memcpy_w.o(.text)
    __rt_memcpy_w                            0x0800107d   Thumb Code   100  rt_memcpy_w.o(.text)
    _memcpy_lastbytes_aligned                0x080010c5   Thumb Code     0  rt_memcpy_w.o(.text)
    __user_libspace                          0x080010e1   Thumb Code     8  libspace.o(.text)
    __user_perproc_libspace                  0x080010e1   Thumb Code     0  libspace.o(.text)
    __user_perthread_libspace                0x080010e1   Thumb Code     0  libspace.o(.text)
    __rt_locale                              0x080010e9   Thumb Code     8  rt_locale_intlibspace.o(.text)
    __Heap_ProvideMemory                     0x080010f1   Thumb Code    52  h1_extend.o(.text)
    _ll_udiv10                               0x08001125   Thumb Code   138  lludiv10.o(.text)
    isspace                                  0x080011af   Thumb Code    18  isspace.o(.text)
    _printf_fp_infnan                        0x080011c1   Thumb Code   112  _printf_fp_infnan.o(.text)
    __vfscanf                                0x08001241   Thumb Code   880  _scanf.o(.text)
    _btod_etento                             0x080015b5   Thumb Code   224  bigflt0.o(.text)
    ferror                                   0x08001699   Thumb Code     8  ferror.o(.text)
    __rt_SIGRTMEM                            0x080016a1   Thumb Code    14  defsig_rtmem_outer.o(.text)
    __user_setup_stackheap                   0x080016af   Thumb Code    74  sys_stackheap_outer.o(.text)
    __rt_ctype_table                         0x080016f9   Thumb Code    16  rt_ctype_table.o(.text)
    exit                                     0x08001709   Thumb Code    18  exit.o(.text)
    __sig_exit                               0x0800171b   Thumb Code    10  defsig_exit.o(.text)
    __rt_SIGRTMEM_inner                      0x08001725   Thumb Code    22  defsig_rtmem_inner.o(.text)
    __default_signal_display                 0x08001775   Thumb Code    50  defsig_general.o(.text)
    _btod_d2e                                0x080017a7   Thumb Code    62  btod.o(CL$$btod_d2e)
    _d2e_denorm_low                          0x080017e5   Thumb Code    70  btod.o(CL$$btod_d2e_denorm_low)
    _d2e_norm_op1                            0x0800182b   Thumb Code    96  btod.o(CL$$btod_d2e_norm_op1)
    __btod_div_common                        0x0800188b   Thumb Code   696  btod.o(CL$$btod_div_common)
    _e2e                                     0x08001bc3   Thumb Code   220  btod.o(CL$$btod_e2e)
    _btod_ediv                               0x08001c9f   Thumb Code    42  btod.o(CL$$btod_ediv)
    _btod_emul                               0x08001cc9   Thumb Code    42  btod.o(CL$$btod_emul)
    __btod_mult_common                       0x08001cf3   Thumb Code   580  btod.o(CL$$btod_mult_common)
    ADC_ConversionStop_Disable               0x08001f37   Thumb Code    82  stm32f1xx_hal_adc.o(i.ADC_ConversionStop_Disable)
    ADC_DMAConvCplt                          0x08001f89   Thumb Code    82  stm32f1xx_hal_adc.o(i.ADC_DMAConvCplt)
    ADC_DMAError                             0x08001fdb   Thumb Code    30  stm32f1xx_hal_adc.o(i.ADC_DMAError)
    ADC_DMAHalfConvCplt                      0x08001ff9   Thumb Code    14  stm32f1xx_hal_adc.o(i.ADC_DMAHalfConvCplt)
    ADC_Enable                               0x08002009   Thumb Code   122  stm32f1xx_hal_adc.o(i.ADC_Enable)
    BMP280_Get_Pressure                      0x0800208d   Thumb Code    56  bmp280.o(i.BMP280_Get_Pressure)
    BMP280_Get_Temperature                   0x080020c5   Thumb Code    56  bmp280.o(i.BMP280_Get_Temperature)
    BMP280_ReadID                            0x080020fd   Thumb Code    10  bmp280.o(i.BMP280_ReadID)
    BMP280_Set_Standby_FILTER                0x0800213f   Thumb Code    30  bmp280.o(i.BMP280_Set_Standby_FILTER)
    BMP280_Set_TemOversamp                   0x0800215d   Thumb Code    30  bmp280.o(i.BMP280_Set_TemOversamp)
    Bmp_Init                                 0x080021a9   Thumb Code   396  bmp280.o(i.Bmp_Init)
    BusFault_Handler                         0x08002339   Thumb Code     4  stm32f1xx_it.o(i.BusFault_Handler)
    DHT11_GPIO_Config                        0x0800233d   Thumb Code    52  dht11.o(i.DHT11_GPIO_Config)
    DMA1_Channel1_IRQHandler                 0x080023a9   Thumb Code    34  adc.o(i.DMA1_Channel1_IRQHandler)
    DebugMon_Handler                         0x08002401   Thumb Code     2  stm32f1xx_it.o(i.DebugMon_Handler)
    HAL_ADCEx_Calibration_Start              0x08002405   Thumb Code   256  stm32f1xx_hal_adc_ex.o(i.HAL_ADCEx_Calibration_Start)
    HAL_ADC_ConfigChannel                    0x08002509   Thumb Code   338  stm32f1xx_hal_adc.o(i.HAL_ADC_ConfigChannel)
    HAL_ADC_ConvCpltCallback                 0x08002669   Thumb Code     2  stm32f1xx_hal_adc.o(i.HAL_ADC_ConvCpltCallback)
    HAL_ADC_ConvHalfCpltCallback             0x0800266b   Thumb Code     2  stm32f1xx_hal_adc.o(i.HAL_ADC_ConvHalfCpltCallback)
    HAL_ADC_ErrorCallback                    0x0800266d   Thumb Code     2  stm32f1xx_hal_adc.o(i.HAL_ADC_ErrorCallback)
    HAL_ADC_Init                             0x08002671   Thumb Code   340  stm32f1xx_hal_adc.o(i.HAL_ADC_Init)
    HAL_ADC_MspInit                          0x080027d1   Thumb Code   120  adc.o(i.HAL_ADC_MspInit)
    HAL_ADC_Start_DMA                        0x08002855   Thumb Code   362  stm32f1xx_hal_adc.o(i.HAL_ADC_Start_DMA)
    HAL_DMA_Abort_IT                         0x080029d5   Thumb Code   414  stm32f1xx_hal_dma.o(i.HAL_DMA_Abort_IT)
    HAL_DMA_Init                             0x08002b7d   Thumb Code   132  stm32f1xx_hal_dma.o(i.HAL_DMA_Init)
    HAL_DMA_Start_IT                         0x08002c09   Thumb Code   156  stm32f1xx_hal_dma.o(i.HAL_DMA_Start_IT)
    HAL_GPIO_Init                            0x08002ca5   Thumb Code   792  stm32f1xx_hal_gpio.o(i.HAL_GPIO_Init)
    HAL_GPIO_ReadPin                         0x08002fe5   Thumb Code    16  stm32f1xx_hal_gpio.o(i.HAL_GPIO_ReadPin)
    HAL_GPIO_TogglePin                       0x08002ff5   Thumb Code    20  stm32f1xx_hal_gpio.o(i.HAL_GPIO_TogglePin)
    HAL_GPIO_WritePin                        0x08003009   Thumb Code    12  stm32f1xx_hal_gpio.o(i.HAL_GPIO_WritePin)
    HAL_GetTick                              0x08003015   Thumb Code     6  stm32f1xx_hal.o(i.HAL_GetTick)
    HAL_IncTick                              0x08003021   Thumb Code    16  stm32f1xx_hal.o(i.HAL_IncTick)
    HAL_Init                                 0x08003039   Thumb Code    34  stm32f1xx_hal.o(i.HAL_Init)
    HAL_InitTick                             0x08003061   Thumb Code    64  stm32f1xx_hal.o(i.HAL_InitTick)
    HAL_MspInit                              0x080030ad   Thumb Code     2  stm32f1xx_hal.o(i.HAL_MspInit)
    HAL_NVIC_EnableIRQ                       0x080030af   Thumb Code    32  stm32f1xx_hal_cortex.o(i.HAL_NVIC_EnableIRQ)
    HAL_NVIC_SetPriority                     0x080030cf   Thumb Code   124  stm32f1xx_hal_cortex.o(i.HAL_NVIC_SetPriority)
    HAL_NVIC_SetPriorityGrouping             0x0800314d   Thumb Code    32  stm32f1xx_hal_cortex.o(i.HAL_NVIC_SetPriorityGrouping)
    HAL_RCCEx_GetPeriphCLKFreq               0x08003175   Thumb Code   276  stm32f1xx_hal_rcc_ex.o(i.HAL_RCCEx_GetPeriphCLKFreq)
    HAL_RCCEx_PeriphCLKConfig                0x080032a9   Thumb Code   290  stm32f1xx_hal_rcc_ex.o(i.HAL_RCCEx_PeriphCLKConfig)
    HAL_RCC_ClockConfig                      0x080033d9   Thumb Code   376  stm32f1xx_hal_rcc.o(i.HAL_RCC_ClockConfig)
    HAL_RCC_GetHCLKFreq                      0x08003565   Thumb Code     6  stm32f1xx_hal_rcc.o(i.HAL_RCC_GetHCLKFreq)
    HAL_RCC_GetPCLK1Freq                     0x08003571   Thumb Code    22  stm32f1xx_hal_rcc.o(i.HAL_RCC_GetPCLK1Freq)
    HAL_RCC_GetPCLK2Freq                     0x08003591   Thumb Code    22  stm32f1xx_hal_rcc.o(i.HAL_RCC_GetPCLK2Freq)
    HAL_RCC_GetSysClockFreq                  0x080035b1   Thumb Code   116  stm32f1xx_hal_rcc.o(i.HAL_RCC_GetSysClockFreq)
    HAL_RCC_OscConfig                        0x08003645   Thumb Code  1114  stm32f1xx_hal_rcc.o(i.HAL_RCC_OscConfig)
    HAL_SYSTICK_CLKSourceConfig              0x08003aa9   Thumb Code    40  stm32f1xx_hal_cortex.o(i.HAL_SYSTICK_CLKSourceConfig)
    HAL_SYSTICK_Config                       0x08003ad1   Thumb Code    52  stm32f1xx_hal_cortex.o(i.HAL_SYSTICK_Config)
    HAL_TIMEx_BreakCallback                  0x08003b05   Thumb Code     2  stm32f1xx_hal_tim_ex.o(i.HAL_TIMEx_BreakCallback)
    HAL_TIMEx_CommutCallback                 0x08003b07   Thumb Code     2  stm32f1xx_hal_tim_ex.o(i.HAL_TIMEx_CommutCallback)
    HAL_TIM_IC_CaptureCallback               0x08003b09   Thumb Code     2  stm32f1xx_hal_tim.o(i.HAL_TIM_IC_CaptureCallback)
    HAL_TIM_IRQHandler                       0x08003b0b   Thumb Code   406  stm32f1xx_hal_tim.o(i.HAL_TIM_IRQHandler)
    HAL_TIM_OC_DelayElapsedCallback          0x08003ca1   Thumb Code     2  stm32f1xx_hal_tim.o(i.HAL_TIM_OC_DelayElapsedCallback)
    HAL_TIM_PWM_PulseFinishedCallback        0x08003ca3   Thumb Code     2  stm32f1xx_hal_tim.o(i.HAL_TIM_PWM_PulseFinishedCallback)
    HAL_TIM_PeriodElapsedCallback            0x08003ca5   Thumb Code    24  btim.o(i.HAL_TIM_PeriodElapsedCallback)
    HAL_TIM_TriggerCallback                  0x08003cc5   Thumb Code     2  stm32f1xx_hal_tim.o(i.HAL_TIM_TriggerCallback)
    HAL_UART_ErrorCallback                   0x08003cc7   Thumb Code     2  stm32f1xx_hal_uart.o(i.HAL_UART_ErrorCallback)
    HAL_UART_IRQHandler                      0x08003cc9   Thumb Code   334  stm32f1xx_hal_uart.o(i.HAL_UART_IRQHandler)
    HAL_UART_Init                            0x08003e1d   Thumb Code   114  stm32f1xx_hal_uart.o(i.HAL_UART_Init)
    HAL_UART_MspInit                         0x08003e91   Thumb Code   482  usart.o(i.HAL_UART_MspInit)
    HAL_UART_Receive_IT                      0x0800408d   Thumb Code   112  stm32f1xx_hal_uart.o(i.HAL_UART_Receive_IT)
    HAL_UART_RxCpltCallback                  0x080040fd   Thumb Code   390  usart.o(i.HAL_UART_RxCpltCallback)
    HAL_UART_Transmit                        0x080042c1   Thumb Code   210  stm32f1xx_hal_uart.o(i.HAL_UART_Transmit)
    HAL_UART_TxCpltCallback                  0x08004393   Thumb Code     2  stm32f1xx_hal_uart.o(i.HAL_UART_TxCpltCallback)
    HC05_SendString                          0x08004395   Thumb Code    44  hc05.o(i.HC05_SendString)
    HC05_show                                0x080043c5   Thumb Code    80  hc05.o(i.HC05_show)
    HardFault_Handler                        0x08004429   Thumb Code     4  stm32f1xx_it.o(i.HardFault_Handler)
    MemManage_Handler                        0x0800442d   Thumb Code     4  stm32f1xx_it.o(i.MemManage_Handler)
    MyI2C_Init                               0x08004431   Thumb Code    84  myi2c.o(i.MyI2C_Init)
    MyI2C_R_SDA                              0x0800448d   Thumb Code    14  myi2c.o(i.MyI2C_R_SDA)
    MyI2C_ReceiveAck                         0x080044a1   Thumb Code    30  myi2c.o(i.MyI2C_ReceiveAck)
    MyI2C_ReceiveByte                        0x080044bf   Thumb Code    52  myi2c.o(i.MyI2C_ReceiveByte)
    MyI2C_SendByte                           0x080044f3   Thumb Code    42  myi2c.o(i.MyI2C_SendByte)
    MyI2C_Start                              0x0800451d   Thumb Code    28  myi2c.o(i.MyI2C_Start)
    MyI2C_Stop                               0x08004539   Thumb Code    22  myi2c.o(i.MyI2C_Stop)
    MyI2C_W_SCL                              0x08004551   Thumb Code    32  myi2c.o(i.MyI2C_W_SCL)
    MyI2C_W_SDA                              0x08004575   Thumb Code    32  myi2c.o(i.MyI2C_W_SDA)
    NMI_Handler                              0x08004599   Thumb Code     2  stm32f1xx_it.o(i.NMI_Handler)
    OLED_Clear                               0x0800459d   Thumb Code    36  oled.o(i.OLED_Clear)
    OLED_ClearArea                           0x080045c5   Thumb Code   162  oled.o(i.OLED_ClearArea)
    OLED_GPIO_Init                           0x0800466d   Thumb Code   106  oled.o(i.OLED_GPIO_Init)
    OLED_I2C_SendByte                        0x080046e1   Thumb Code    62  oled.o(i.OLED_I2C_SendByte)
    OLED_I2C_Start                           0x0800471f   Thumb Code    28  oled.o(i.OLED_I2C_Start)
    OLED_I2C_Stop                            0x0800473b   Thumb Code    22  oled.o(i.OLED_I2C_Stop)
    OLED_Init                                0x08004751   Thumb Code   154  oled.o(i.OLED_Init)
    OLED_Pow                                 0x080047eb   Thumb Code    20  oled.o(i.OLED_Pow)
    OLED_SetCursor                           0x080047ff   Thumb Code    34  oled.o(i.OLED_SetCursor)
    OLED_ShowChar                            0x08004821   Thumb Code    74  oled.o(i.OLED_ShowChar)
    OLED_ShowFloatNum                        0x08004875   Thumb Code   210  oled.o(i.OLED_ShowFloatNum)
    OLED_ShowHexNum                          0x08004947   Thumb Code    96  oled.o(i.OLED_ShowHexNum)
    OLED_ShowImage                           0x080049a9   Thumb Code   296  oled.o(i.OLED_ShowImage)
    OLED_ShowNum                             0x08004ad5   Thumb Code    76  oled.o(i.OLED_ShowNum)
    OLED_ShowString                          0x08004b21   Thumb Code    46  oled.o(i.OLED_ShowString)
    OLED_Update                              0x08004b51   Thumb Code    36  oled.o(i.OLED_Update)
    OLED_W_SCL                               0x08004b79   Thumb Code    34  oled.o(i.OLED_W_SCL)
    OLED_W_SDA                               0x08004ba1   Thumb Code    34  oled.o(i.OLED_W_SDA)
    OLED_WriteCommand                        0x08004bc9   Thumb Code    32  oled.o(i.OLED_WriteCommand)
    OLED_WriteData                           0x08004be9   Thumb Code    46  oled.o(i.OLED_WriteData)
    Read_DHT11                               0x08004ca1   Thumb Code   160  dht11.o(i.Read_DHT11)
    SendFormattedData                        0x08004d45   Thumb Code   208  usart.o(i.SendFormattedData)
    SysTick_Handler                          0x08004e2d   Thumb Code    20  delay.o(i.SysTick_Handler)
    SystemInit                               0x08004e41   Thumb Code     2  system_stm32f1xx.o(i.SystemInit)
    TIM6_IRQHandler                          0x08004e45   Thumb Code    10  btim.o(i.TIM6_IRQHandler)
    USART1_IRQHandler                        0x08005111   Thumb Code    10  usart.o(i.USART1_IRQHandler)
    USART2_IRQHandler                        0x08005121   Thumb Code    10  usart.o(i.USART2_IRQHandler)
    USART3_IRQHandler                        0x08005131   Thumb Code    10  usart.o(i.USART3_IRQHandler)
    UsageFault_Handler                       0x08005141   Thumb Code     4  stm32f1xx_it.o(i.UsageFault_Handler)
    __ARM_fpclassify                         0x08005145   Thumb Code    40  fpclassify.o(i.__ARM_fpclassify)
    _is_digit                                0x080051a5   Thumb Code    14  __printf_wp.o(i._is_digit)
    _sys_exit                                0x080051b3   Thumb Code     4  usart.o(i._sys_exit)
    _ttywrch                                 0x080051b7   Thumb Code     4  usart.o(i._ttywrch)
    adc_dma_enable                           0x080051bd   Thumb Code    76  adc.o(i.adc_dma_enable)
    adc_dma_init                             0x08005211   Thumb Code   302  adc.o(i.adc_dma_init)
    adc_init                                 0x08005359   Thumb Code    48  adc.o(i.adc_init)
    bmp280_compensate_P_double               0x08005391   Thumb Code   612  bmp280.o(i.bmp280_compensate_P_double)
    bmp280_compensate_T_double               0x08005629   Thumb Code   300  bmp280.o(i.bmp280_compensate_T_double)
    delay_init                               0x0800576d   Thumb Code    74  delay.o(i.delay_init)
    delay_ms                                 0x080057bd   Thumb Code    24  delay.o(i.delay_ms)
    delay_us                                 0x080057d5   Thumb Code    68  delay.o(i.delay_us)
    fputc                                    0x0800581d   Thumb Code    24  usart.o(i.fputc)
    freertos_demo                            0x08005839   Thumb Code   120  freertos_demo.o(i.freertos_demo)
    led_conctrl                              0x080058d5   Thumb Code    58  light.o(i.led_conctrl)
    led_init                                 0x08005919   Thumb Code    82  light.o(i.led_init)
    led_off                                  0x08005975   Thumb Code    14  light.o(i.led_off)
    led_on                                   0x08005989   Thumb Code    16  light.o(i.led_on)
    main                                     0x0800599d   Thumb Code    58  main.o(i.main)
    pvPortMalloc                             0x08006551   Thumb Code   306  heap_4.o(i.pvPortMalloc)
    pxPortInitialiseStack                    0x080066e5   Thumb Code    30  port.o(i.pxPortInitialiseStack)
    round                                    0x08006709   Thumb Code   136  round.o(i.round)
    roundf                                   0x0800679d   Thumb Code   114  roundf.o(i.roundf)
    sendDecimalToHex                         0x08006811   Thumb Code    64  usart.o(i.sendDecimalToHex)
    start_task                               0x08006861   Thumb Code   184  freertos_demo.o(i.start_task)
    sys_stm32_clock_init                     0x0800699d   Thumb Code    86  sys.o(i.sys_stm32_clock_init)
    task1                                    0x080069f5   Thumb Code    66  freertos_demo.o(i.task1)
    task2                                    0x08006a55   Thumb Code   206  freertos_demo.o(i.task2)
    task3                                    0x08006b35   Thumb Code   102  freertos_demo.o(i.task3)
    task4                                    0x08006ba5   Thumb Code   454  freertos_demo.o(i.task4)
    task5                                    0x08006dc9   Thumb Code   358  freertos_demo.o(i.task5)
    task6                                    0x08006f59   Thumb Code   320  freertos_demo.o(i.task6)
    task7                                    0x080070cd   Thumb Code   442  freertos_demo.o(i.task7)
    task8                                    0x080072b9   Thumb Code    36  freertos_demo.o(i.task8)
    usart_init                               0x080072e5   Thumb Code   124  usart.o(i.usart_init)
    uxListRemove                             0x08007385   Thumb Code    40  list.o(i.uxListRemove)
    uxTaskResetEventItemValue                0x080073ad   Thumb Code    24  tasks.o(i.uxTaskResetEventItemValue)
    vListInitialise                          0x080073c9   Thumb Code    26  list.o(i.vListInitialise)
    vListInitialiseItem                      0x080073e3   Thumb Code     6  list.o(i.vListInitialiseItem)
    vListInsert                              0x080073e9   Thumb Code    52  list.o(i.vListInsert)
    vListInsertEnd                           0x0800741d   Thumb Code    24  list.o(i.vListInsertEnd)
    vPortEnterCritical                       0x08007435   Thumb Code    70  port.o(i.vPortEnterCritical)
    vPortExitCritical                        0x080074cd   Thumb Code    48  port.o(i.vPortExitCritical)
    vPortFree                                0x08007549   Thumb Code   130  heap_4.o(i.vPortFree)
    vPortSetupTimerInterrupt                 0x08007621   Thumb Code    38  port.o(i.vPortSetupTimerInterrupt)
    vQueueAddToRegistry                      0x0800764d   Thumb Code    84  queue.o(i.vQueueAddToRegistry)
    vQueueWaitForMessageRestricted           0x080076d9   Thumb Code    74  queue.o(i.vQueueWaitForMessageRestricted)
    vTaskDelay                               0x08007725   Thumb Code    72  tasks.o(i.vTaskDelay)
    vTaskDelete                              0x080077a9   Thumb Code   200  tasks.o(i.vTaskDelete)
    vTaskInternalSetTimeOutState             0x080078cd   Thumb Code    14  tasks.o(i.vTaskInternalSetTimeOutState)
    vTaskMissedYield                         0x080078e5   Thumb Code     8  tasks.o(i.vTaskMissedYield)
    vTaskPlaceOnEventList                    0x080078f1   Thumb Code    42  tasks.o(i.vTaskPlaceOnEventList)
    vTaskPlaceOnEventListRestricted          0x08007955   Thumb Code    84  tasks.o(i.vTaskPlaceOnEventListRestricted)
    vTaskPlaceOnUnorderedEventList           0x080079e1   Thumb Code   114  tasks.o(i.vTaskPlaceOnUnorderedEventList)
    vTaskRemoveFromUnorderedEventList        0x08007a91   Thumb Code   230  tasks.o(i.vTaskRemoveFromUnorderedEventList)
    vTaskStartScheduler                      0x08007bc1   Thumb Code   112  tasks.o(i.vTaskStartScheduler)
    vTaskSuspendAll                          0x08007c85   Thumb Code    12  tasks.o(i.vTaskSuspendAll)
    vTaskSwitchContext                       0x08007c95   Thumb Code   110  tasks.o(i.vTaskSwitchContext)
    xEventGroupCreate                        0x08007d4d   Thumb Code    26  event_groups.o(i.xEventGroupCreate)
    xEventGroupSetBits                       0x08007d69   Thumb Code   186  event_groups.o(i.xEventGroupSetBits)
    xEventGroupWaitBits                      0x08007e61   Thumb Code   298  event_groups.o(i.xEventGroupWaitBits)
    xPortStartScheduler                      0x08007fcd   Thumb Code   238  port.o(i.xPortStartScheduler)
    xPortSysTickHandler                      0x08008119   Thumb Code    48  port.o(i.xPortSysTickHandler)
    xQueueGenericCreate                      0x0800814d   Thumb Code    92  queue.o(i.xQueueGenericCreate)
    xQueueGenericReset                       0x080081dd   Thumb Code   194  queue.o(i.xQueueGenericReset)
    xQueueGenericSend                        0x080082d9   Thumb Code   426  queue.o(i.xQueueGenericSend)
    xQueuePeek                               0x080084bd   Thumb Code   332  queue.o(i.xQueuePeek)
    xQueueReceive                            0x08008641   Thumb Code   326  queue.o(i.xQueueReceive)
    xTaskCheckForTimeOut                     0x080087c1   Thumb Code   140  tasks.o(i.xTaskCheckForTimeOut)
    xTaskCreate                              0x0800888d   Thumb Code    96  tasks.o(i.xTaskCreate)
    xTaskDelayUntil                          0x080088ed   Thumb Code   172  tasks.o(i.xTaskDelayUntil)
    xTaskGetSchedulerState                   0x080089d9   Thumb Code    24  tasks.o(i.xTaskGetSchedulerState)
    xTaskGetTickCount                        0x080089f9   Thumb Code     6  tasks.o(i.xTaskGetTickCount)
    xTaskIncrementTick                       0x08008a05   Thumb Code   390  tasks.o(i.xTaskIncrementTick)
    xTaskPriorityDisinherit                  0x08008bed   Thumb Code   206  tasks.o(i.xTaskPriorityDisinherit)
    xTaskRemoveFromEventList                 0x08008cfd   Thumb Code   254  tasks.o(i.xTaskRemoveFromEventList)
    xTaskResumeAll                           0x08008e49   Thumb Code   328  tasks.o(i.xTaskResumeAll)
    xTimerCreateTimerTask                    0x08008fe9   Thumb Code    56  timers.o(i.xTimerCreateTimerTask)
    _get_lc_numeric                          0x08009069   Thumb Code    44  lc_numeric_c.o(locale$$code)
    _get_lc_ctype                            0x08009095   Thumb Code    44  lc_ctype_c.o(locale$$code)
    __aeabi_d2f                              0x080090c1   Thumb Code     0  d2f.o(x$fpl$d2f)
    _d2f                                     0x080090c1   Thumb Code    98  d2f.o(x$fpl$d2f)
    __aeabi_dadd                             0x08009125   Thumb Code     0  daddsub_clz.o(x$fpl$dadd)
    _dadd                                    0x08009125   Thumb Code   332  daddsub_clz.o(x$fpl$dadd)
    __fpl_dcmp_Inf                           0x08009275   Thumb Code    24  dcmpi.o(x$fpl$dcmpinf)
    __aeabi_ddiv                             0x0800928d   Thumb Code     0  ddiv.o(x$fpl$ddiv)
    _ddiv                                    0x0800928d   Thumb Code   552  ddiv.o(x$fpl$ddiv)
    __aeabi_cdcmpeq                          0x0800953d   Thumb Code     0  deqf.o(x$fpl$deqf)
    _dcmpeq                                  0x0800953d   Thumb Code   120  deqf.o(x$fpl$deqf)
    __aeabi_d2iz                             0x080095b5   Thumb Code     0  dfix.o(x$fpl$dfix)
    _dfix                                    0x080095b5   Thumb Code    94  dfix.o(x$fpl$dfix)
    __aeabi_d2uiz                            0x08009615   Thumb Code     0  dfixu.o(x$fpl$dfixu)
    _dfixu                                   0x08009615   Thumb Code    90  dfixu.o(x$fpl$dfixu)
    __aeabi_i2d                              0x0800966f   Thumb Code     0  dflt_clz.o(x$fpl$dflt)
    _dflt                                    0x0800966f   Thumb Code    46  dflt_clz.o(x$fpl$dflt)
    __aeabi_ui2d                             0x0800969d   Thumb Code     0  dflt_clz.o(x$fpl$dfltu)
    _dfltu                                   0x0800969d   Thumb Code    38  dflt_clz.o(x$fpl$dfltu)
    __aeabi_cdcmple                          0x080096c5   Thumb Code     0  dleqf.o(x$fpl$dleqf)
    _dcmple                                  0x080096c5   Thumb Code   120  dleqf.o(x$fpl$dleqf)
    __fpl_dcmple_InfNaN                      0x08009727   Thumb Code     0  dleqf.o(x$fpl$dleqf)
    __aeabi_dmul                             0x0800973d   Thumb Code     0  dmul.o(x$fpl$dmul)
    _dmul                                    0x0800973d   Thumb Code   332  dmul.o(x$fpl$dmul)
    __fpl_dnaninf                            0x08009891   Thumb Code   156  dnaninf.o(x$fpl$dnaninf)
    __fpl_dretinf                            0x0800992d   Thumb Code    12  dretinf.o(x$fpl$dretinf)
    __aeabi_cdrcmple                         0x08009939   Thumb Code     0  drleqf.o(x$fpl$drleqf)
    _drcmple                                 0x08009939   Thumb Code   108  drleqf.o(x$fpl$drleqf)
    _drnd                                    0x080099a5   Thumb Code   180  drnd.o(x$fpl$drnd)
    __aeabi_drsub                            0x08009a59   Thumb Code     0  daddsub_clz.o(x$fpl$drsb)
    _drsb                                    0x08009a59   Thumb Code    22  daddsub_clz.o(x$fpl$drsb)
    __aeabi_dsub                             0x08009a71   Thumb Code     0  daddsub_clz.o(x$fpl$dsub)
    _dsub                                    0x08009a71   Thumb Code   464  daddsub_clz.o(x$fpl$dsub)
    __aeabi_f2d                              0x08009c45   Thumb Code     0  f2d.o(x$fpl$f2d)
    _f2d                                     0x08009c45   Thumb Code    86  f2d.o(x$fpl$f2d)
    __aeabi_fadd                             0x08009c9d   Thumb Code     0  faddsub_clz.o(x$fpl$fadd)
    _fadd                                    0x08009c9d   Thumb Code   196  faddsub_clz.o(x$fpl$fadd)
    __aeabi_fdiv                             0x08009d61   Thumb Code     0  fdiv.o(x$fpl$fdiv)
    _fdiv                                    0x08009d61   Thumb Code   384  fdiv.o(x$fpl$fdiv)
    __aeabi_f2iz                             0x08009ee5   Thumb Code     0  ffix.o(x$fpl$ffix)
    _ffix                                    0x08009ee5   Thumb Code    54  ffix.o(x$fpl$ffix)
    __aeabi_f2uiz                            0x08009f1d   Thumb Code     0  ffixu.o(x$fpl$ffixu)
    _ffixu                                   0x08009f1d   Thumb Code    62  ffixu.o(x$fpl$ffixu)
    __aeabi_i2f                              0x08009f5d   Thumb Code     0  fflt_clz.o(x$fpl$fflt)
    _fflt                                    0x08009f5d   Thumb Code    48  fflt_clz.o(x$fpl$fflt)
    __aeabi_ui2f                             0x08009f8d   Thumb Code     0  fflt_clz.o(x$fpl$ffltu)
    _ffltu                                   0x08009f8d   Thumb Code    38  fflt_clz.o(x$fpl$ffltu)
    __aeabi_fmul                             0x08009fb5   Thumb Code     0  fmul.o(x$fpl$fmul)
    _fmul                                    0x08009fb5   Thumb Code   258  fmul.o(x$fpl$fmul)
    __fpl_fnaninf                            0x0800a0b7   Thumb Code   140  fnaninf.o(x$fpl$fnaninf)
    __fpl_fretinf                            0x0800a143   Thumb Code    10  fretinf.o(x$fpl$fretinf)
    _frnd                                    0x0800a14d   Thumb Code    96  frnd.o(x$fpl$frnd)
    __aeabi_frsub                            0x0800a1ad   Thumb Code     0  faddsub_clz.o(x$fpl$frsb)
    _frsb                                    0x0800a1ad   Thumb Code    20  faddsub_clz.o(x$fpl$frsb)
    __aeabi_fsub                             0x0800a1c1   Thumb Code     0  faddsub_clz.o(x$fpl$fsub)
    _fsub                                    0x0800a1c1   Thumb Code   234  faddsub_clz.o(x$fpl$fsub)
    _printf_fp_dec                           0x0800a2ab   Thumb Code     4  printf1.o(x$fpl$printf1)
    AHBPrescTable                            0x0800a2ae   Data          16  system_stm32f1xx.o(.constdata)
    __I$use$fp                               0x0800a2ae   Number         0  usenofp.o(x$fpl$usenofp)
    APBPrescTable                            0x0800a2be   Data           8  system_stm32f1xx.o(.constdata)
    OLED_F8x16                               0x0800a2c6   Data        1520  oled_data.o(.constdata)
    OLED_F6x8                                0x0800a8b6   Data         570  oled_data.o(.constdata)
    OLED_CF16x16                             0x0800aaf0   Data         252  oled_data.o(.constdata)
    Diode                                    0x0800abec   Data          32  oled_data.o(.constdata)
    Region$$Table$$Base                      0x0800acb4   Number         0  anon$$obj.o(Region$$Table)
    Region$$Table$$Limit                     0x0800acd4   Number         0  anon$$obj.o(Region$$Table)
    __ctype                                  0x0800acfd   Data           0  lc_ctype_c.o(locale$$data)
    SystemCoreClock                          0x20000000   Data           4  system_stm32f1xx.o(.data)
    StartTask_Handler                        0x20000004   Data           4  freertos_demo.o(.data)
    Task1Task_Handler                        0x20000008   Data           4  freertos_demo.o(.data)
    Task2Task_Handler                        0x2000000c   Data           4  freertos_demo.o(.data)
    Task3Task_Handler                        0x20000010   Data           4  freertos_demo.o(.data)
    Task4Task_Handler                        0x20000014   Data           4  freertos_demo.o(.data)
    Task5Task_Handler                        0x20000018   Data           4  freertos_demo.o(.data)
    Task6Task_Handler                        0x2000001c   Data           4  freertos_demo.o(.data)
    Task7Task_Handler                        0x20000020   Data           4  freertos_demo.o(.data)
    Task8Task_Handler                        0x20000024   Data           4  freertos_demo.o(.data)
    xQueueDHT11Data                          0x20000028   Data           4  freertos_demo.o(.data)
    xQueuesoil_Data                          0x2000002c   Data           4  freertos_demo.o(.data)
    xQueuebmp280_Data                        0x20000030   Data           4  freertos_demo.o(.data)
    xSemaphore                               0x20000034   Data           4  freertos_demo.o(.data)
    myEventGroup                             0x20000038   Data           4  freertos_demo.o(.data)
    __stdout                                 0x20000040   Data           4  usart.o(.data)
    g_usart_rx_sta                           0x20000044   Data           2  usart.o(.data)
    g_rx_buffer                              0x20000046   Data           1  usart.o(.data)
    g_usart_rx_sta2                          0x20000048   Data           2  usart.o(.data)
    g_rx_buffer2                             0x2000004a   Data           1  usart.o(.data)
    g_usart_rx_sta3                          0x2000004c   Data           2  usart.o(.data)
    g_rx_buffer3                             0x2000004e   Data           1  usart.o(.data)
    uwTick                                   0x20000050   Data           4  stm32f1xx_hal.o(.data)
    uwTickPrio                               0x20000054   Data           4  stm32f1xx_hal.o(.data)
    uwTickFreq                               0x20000058   Data           1  stm32f1xx_hal.o(.data)
    pxCurrentTCB                             0x2000005c   Data           4  tasks.o(.data)
    uxTopUsedPriority                        0x20000094   Data           4  tasks.o(.data)
    g_adc_dma_sta                            0x200000dc   Data           1  adc.o(.data)
    bmp280                                   0x200000e0   Data           4  bmp280.o(.data)
    t_fine                                   0x200000e4   Data           4  bmp280.o(.data)
    IntermediateBuffer                       0x200000e8   Data         200  usart.o(.bss)
    g_usart_rx_buf                           0x200001b0   Data         200  usart.o(.bss)
    g_uart1_handle                           0x20000278   Data          64  usart.o(.bss)
    g_usart_rx_buf2                          0x200002b8   Data         200  usart.o(.bss)
    g_uart2_handle                           0x20000380   Data          64  usart.o(.bss)
    g_usart_rx_buf3                          0x200003c0   Data         200  usart.o(.bss)
    g_uart3_handle                           0x20000488   Data          64  usart.o(.bss)
    g_timx_handle                            0x200004c8   Data          72  btim.o(.bss)
    xQueueRegistry                           0x20000510   Data          64  queue.o(.bss)
    g_adc_handle                             0x2000305c   Data          48  adc.o(.bss)
    g_dma_adc_handle                         0x2000308c   Data          68  adc.o(.bss)
    g_adc_dma_handle                         0x200030d0   Data          48  adc.o(.bss)
    bmp280_inst                              0x20003100   Data          24  bmp280.o(.bss)
    OLED_DisplayBuf                          0x20003118   Data        1024  oled.o(.bss)
    __libspace_start                         0x20003518   Data          96  libspace.o(.bss)
    __temporary_stack_top$libspace           0x20003578   Data           0  libspace.o(.bss)



==============================================================================

Memory Map of the image

  Image Entry point : 0x08000131

  Load Region LR_IROM1 (Base: 0x08000000, Size: 0x0000aee8, Max: 0x00010000, ABSOLUTE)

    Execution Region ER_IROM1 (Exec base: 0x08000000, Load base: 0x08000000, Size: 0x0000ae00, Max: 0x00010000, ABSOLUTE)

    Exec Addr    Load Addr    Size         Type   Attr      Idx    E Section Name        Object

    0x08000000   0x08000000   0x00000130   Data   RO            3    RESET               startup_stm32f103xe.o
    0x08000130   0x08000130   0x00000008   Code   RO         6379  * !!!main             c_w.l(__main.o)
    0x08000138   0x08000138   0x00000034   Code   RO         6833    !!!scatter          c_w.l(__scatter.o)
    0x0800016c   0x0800016c   0x0000001a   Code   RO         6835    !!handler_copy      c_w.l(__scatter_copy.o)
    0x08000186   0x08000186   0x00000002   PAD
    0x08000188   0x08000188   0x0000001c   Code   RO         6837    !!handler_zi        c_w.l(__scatter_zi.o)
    0x080001a4   0x080001a4   0x00000000   Code   RO         6356    .ARM.Collect$$_printf_percent$$00000000  c_w.l(_printf_percent.o)
    0x080001a4   0x080001a4   0x00000006   Code   RO         6355    .ARM.Collect$$_printf_percent$$00000003  c_w.l(_printf_f.o)
    0x080001aa   0x080001aa   0x00000006   Code   RO         6353    .ARM.Collect$$_printf_percent$$00000009  c_w.l(_printf_d.o)
    0x080001b0   0x080001b0   0x00000006   Code   RO         6354    .ARM.Collect$$_printf_percent$$0000000A  c_w.l(_printf_u.o)
    0x080001b6   0x080001b6   0x00000006   Code   RO         6351    .ARM.Collect$$_printf_percent$$00000014  c_w.l(_printf_s.o)
    0x080001bc   0x080001bc   0x00000004   Code   RO         6525    .ARM.Collect$$_printf_percent$$00000017  c_w.l(_printf_percent_end.o)
    0x080001c0   0x080001c0   0x00000002   Code   RO         6765    .ARM.Collect$$libinit$$00000000  c_w.l(libinit.o)
    0x080001c2   0x080001c2   0x00000000   Code   RO         6546    .ARM.Collect$$libinit$$00000002  c_w.l(libinit2.o)
    0x080001c2   0x080001c2   0x00000000   Code   RO         6548    .ARM.Collect$$libinit$$00000004  c_w.l(libinit2.o)
    0x080001c2   0x080001c2   0x00000008   Code   RO         6549    .ARM.Collect$$libinit$$00000005  c_w.l(libinit2.o)
    0x080001ca   0x080001ca   0x00000000   Code   RO         6551    .ARM.Collect$$libinit$$0000000A  c_w.l(libinit2.o)
    0x080001ca   0x080001ca   0x00000000   Code   RO         6553    .ARM.Collect$$libinit$$0000000C  c_w.l(libinit2.o)
    0x080001ca   0x080001ca   0x00000000   Code   RO         6555    .ARM.Collect$$libinit$$0000000E  c_w.l(libinit2.o)
    0x080001ca   0x080001ca   0x00000006   Code   RO         6556    .ARM.Collect$$libinit$$0000000F  c_w.l(libinit2.o)
    0x080001d0   0x080001d0   0x00000000   Code   RO         6558    .ARM.Collect$$libinit$$00000011  c_w.l(libinit2.o)
    0x080001d0   0x080001d0   0x0000000c   Code   RO         6559    .ARM.Collect$$libinit$$00000012  c_w.l(libinit2.o)
    0x080001dc   0x080001dc   0x00000000   Code   RO         6560    .ARM.Collect$$libinit$$00000013  c_w.l(libinit2.o)
    0x080001dc   0x080001dc   0x00000000   Code   RO         6562    .ARM.Collect$$libinit$$00000015  c_w.l(libinit2.o)
    0x080001dc   0x080001dc   0x0000000a   Code   RO         6563    .ARM.Collect$$libinit$$00000016  c_w.l(libinit2.o)
    0x080001e6   0x080001e6   0x00000000   Code   RO         6564    .ARM.Collect$$libinit$$00000017  c_w.l(libinit2.o)
    0x080001e6   0x080001e6   0x00000000   Code   RO         6566    .ARM.Collect$$libinit$$00000019  c_w.l(libinit2.o)
    0x080001e6   0x080001e6   0x00000000   Code   RO         6568    .ARM.Collect$$libinit$$0000001B  c_w.l(libinit2.o)
    0x080001e6   0x080001e6   0x00000000   Code   RO         6570    .ARM.Collect$$libinit$$0000001D  c_w.l(libinit2.o)
    0x080001e6   0x080001e6   0x00000000   Code   RO         6572    .ARM.Collect$$libinit$$0000001F  c_w.l(libinit2.o)
    0x080001e6   0x080001e6   0x00000000   Code   RO         6574    .ARM.Collect$$libinit$$00000021  c_w.l(libinit2.o)
    0x080001e6   0x080001e6   0x00000000   Code   RO         6576    .ARM.Collect$$libinit$$00000023  c_w.l(libinit2.o)
    0x080001e6   0x080001e6   0x00000000   Code   RO         6578    .ARM.Collect$$libinit$$00000025  c_w.l(libinit2.o)
    0x080001e6   0x080001e6   0x00000000   Code   RO         6582    .ARM.Collect$$libinit$$0000002C  c_w.l(libinit2.o)
    0x080001e6   0x080001e6   0x00000000   Code   RO         6584    .ARM.Collect$$libinit$$0000002E  c_w.l(libinit2.o)
    0x080001e6   0x080001e6   0x00000000   Code   RO         6586    .ARM.Collect$$libinit$$00000030  c_w.l(libinit2.o)
    0x080001e6   0x080001e6   0x00000000   Code   RO         6588    .ARM.Collect$$libinit$$00000032  c_w.l(libinit2.o)
    0x080001e6   0x080001e6   0x00000002   Code   RO         6589    .ARM.Collect$$libinit$$00000033  c_w.l(libinit2.o)
    0x080001e8   0x080001e8   0x00000002   Code   RO         6830    .ARM.Collect$$libshutdown$$00000000  c_w.l(libshutdown.o)
    0x080001ea   0x080001ea   0x00000000   Code   RO         6782    .ARM.Collect$$libshutdown$$00000002  c_w.l(libshutdown2.o)
    0x080001ea   0x080001ea   0x00000000   Code   RO         6784    .ARM.Collect$$libshutdown$$00000004  c_w.l(libshutdown2.o)
    0x080001ea   0x080001ea   0x00000000   Code   RO         6786    .ARM.Collect$$libshutdown$$00000006  c_w.l(libshutdown2.o)
    0x080001ea   0x080001ea   0x00000000   Code   RO         6789    .ARM.Collect$$libshutdown$$00000009  c_w.l(libshutdown2.o)
    0x080001ea   0x080001ea   0x00000000   Code   RO         6792    .ARM.Collect$$libshutdown$$0000000C  c_w.l(libshutdown2.o)
    0x080001ea   0x080001ea   0x00000000   Code   RO         6794    .ARM.Collect$$libshutdown$$0000000E  c_w.l(libshutdown2.o)
    0x080001ea   0x080001ea   0x00000000   Code   RO         6797    .ARM.Collect$$libshutdown$$00000011  c_w.l(libshutdown2.o)
    0x080001ea   0x080001ea   0x00000002   Code   RO         6798    .ARM.Collect$$libshutdown$$00000012  c_w.l(libshutdown2.o)
    0x080001ec   0x080001ec   0x00000000   Code   RO         6463    .ARM.Collect$$rtentry$$00000000  c_w.l(__rtentry.o)
    0x080001ec   0x080001ec   0x00000000   Code   RO         6642    .ARM.Collect$$rtentry$$00000002  c_w.l(__rtentry2.o)
    0x080001ec   0x080001ec   0x00000006   Code   RO         6654    .ARM.Collect$$rtentry$$00000004  c_w.l(__rtentry4.o)
    0x080001f2   0x080001f2   0x00000000   Code   RO         6644    .ARM.Collect$$rtentry$$00000009  c_w.l(__rtentry2.o)
    0x080001f2   0x080001f2   0x00000004   Code   RO         6645    .ARM.Collect$$rtentry$$0000000A  c_w.l(__rtentry2.o)
    0x080001f6   0x080001f6   0x00000000   Code   RO         6647    .ARM.Collect$$rtentry$$0000000C  c_w.l(__rtentry2.o)
    0x080001f6   0x080001f6   0x00000008   Code   RO         6648    .ARM.Collect$$rtentry$$0000000D  c_w.l(__rtentry2.o)
    0x080001fe   0x080001fe   0x00000002   Code   RO         6768    .ARM.Collect$$rtexit$$00000000  c_w.l(rtexit.o)
    0x08000200   0x08000200   0x00000000   Code   RO         6802    .ARM.Collect$$rtexit$$00000002  c_w.l(rtexit2.o)
    0x08000200   0x08000200   0x00000004   Code   RO         6803    .ARM.Collect$$rtexit$$00000003  c_w.l(rtexit2.o)
    0x08000204   0x08000204   0x00000006   Code   RO         6804    .ARM.Collect$$rtexit$$00000004  c_w.l(rtexit2.o)
    0x0800020a   0x0800020a   0x00000002   PAD
    0x0800020c   0x0800020c   0x00000096   Code   RO         5440    .emb_text           port.o
    0x080002a2   0x080002a2   0x00000002   PAD
    0x080002a4   0x080002a4   0x00000000   Code   RO         6668    .emb_text           c_w.l(maybetermalloc1.o)
    0x080002a4   0x080002a4   0x00000040   Code   RO            4    .text               startup_stm32f103xe.o
    0x080002e4   0x080002e4   0x00000002   Code   RO         6227    .text               c_w.l(use_no_semi_2.o)
    0x080002e6   0x080002e6   0x0000005e   Code   RO         6233    .text               c_w.l(h1_alloc.o)
    0x08000344   0x08000344   0x0000004e   Code   RO         6235    .text               c_w.l(h1_free.o)
    0x08000392   0x08000392   0x00000002   PAD
    0x08000394   0x08000394   0x00000018   Code   RO         6293    .text               c_w.l(__2printf.o)
    0x080003ac   0x080003ac   0x0000002c   Code   RO         6295    .text               c_w.l(__2sprintf.o)
    0x080003d8   0x080003d8   0x0000004e   Code   RO         6303    .text               c_w.l(_printf_pad.o)
    0x08000426   0x08000426   0x00000052   Code   RO         6305    .text               c_w.l(_printf_str.o)
    0x08000478   0x08000478   0x00000078   Code   RO         6307    .text               c_w.l(_printf_dec.o)
    0x080004f0   0x080004f0   0x00000188   Code   RO         6347    .text               c_w.l(__printf_flags_ss_wp.o)
    0x08000678   0x08000678   0x0000003c   Code   RO         6357    .text               c_w.l(__0sscanf.o)
    0x080006b4   0x080006b4   0x0000014c   Code   RO         6359    .text               c_w.l(_scanf_int.o)
    0x08000800   0x08000800   0x0000003e   Code   RO         6363    .text               c_w.l(strlen.o)
    0x0800083e   0x0800083e   0x0000008a   Code   RO         6365    .text               c_w.l(rt_memcpy_v6.o)
    0x080008c8   0x080008c8   0x00000010   Code   RO         6369    .text               c_w.l(aeabi_memset.o)
    0x080008d8   0x080008d8   0x00000044   Code   RO         6371    .text               c_w.l(rt_memclr.o)
    0x0800091c   0x0800091c   0x0000004e   Code   RO         6373    .text               c_w.l(rt_memclr_w.o)
    0x0800096a   0x0800096a   0x00000002   PAD
    0x0800096c   0x0800096c   0x00000080   Code   RO         6375    .text               c_w.l(strcmpv7m.o)
    0x080009ec   0x080009ec   0x00000006   Code   RO         6377    .text               c_w.l(heapauxi.o)
    0x080009f2   0x080009f2   0x00000002   Code   RO         6459    .text               c_w.l(use_no_semi.o)
    0x080009f4   0x080009f4   0x00000008   Code   RO         6467    .text               c_w.l(rt_heap_descriptor_intlibspace.o)
    0x080009fc   0x080009fc   0x00000004   Code   RO         6469    .text               c_w.l(hguard.o)
    0x08000a00   0x08000a00   0x0000008a   Code   RO         6471    .text               c_w.l(init_alloc.o)
    0x08000a8a   0x08000a8a   0x0000000e   Code   RO         6475    .text               c_w.l(h1_init.o)
    0x08000a98   0x08000a98   0x000000b2   Code   RO         6493    .text               c_w.l(_printf_intcommon.o)
    0x08000b4a   0x08000b4a   0x0000041e   Code   RO         6497    .text               c_w.l(_printf_fp_dec.o)
    0x08000f68   0x08000f68   0x00000030   Code   RO         6499    .text               c_w.l(_printf_char_common.o)
    0x08000f98   0x08000f98   0x0000000a   Code   RO         6501    .text               c_w.l(_sputc.o)
    0x08000fa2   0x08000fa2   0x0000002c   Code   RO         6503    .text               c_w.l(_printf_char.o)
    0x08000fce   0x08000fce   0x00000002   PAD
    0x08000fd0   0x08000fd0   0x00000024   Code   RO         6505    .text               c_w.l(_printf_char_file.o)
    0x08000ff4   0x08000ff4   0x0000001c   Code   RO         6535    .text               c_w.l(_chval.o)
    0x08001010   0x08001010   0x0000002c   Code   RO         6537    .text               c_w.l(scanf_char.o)
    0x0800103c   0x0800103c   0x00000040   Code   RO         6539    .text               c_w.l(_sgetc.o)
    0x0800107c   0x0800107c   0x00000064   Code   RO         6541    .text               c_w.l(rt_memcpy_w.o)
    0x080010e0   0x080010e0   0x00000008   Code   RO         6638    .text               c_w.l(libspace.o)
    0x080010e8   0x080010e8   0x00000008   Code   RO         6659    .text               c_w.l(rt_locale_intlibspace.o)
    0x080010f0   0x080010f0   0x00000034   Code   RO         6670    .text               c_w.l(h1_extend.o)
    0x08001124   0x08001124   0x0000008a   Code   RO         6674    .text               c_w.l(lludiv10.o)
    0x080011ae   0x080011ae   0x00000012   Code   RO         6676    .text               c_w.l(isspace.o)
    0x080011c0   0x080011c0   0x00000080   Code   RO         6681    .text               c_w.l(_printf_fp_infnan.o)
    0x08001240   0x08001240   0x00000374   Code   RO         6687    .text               c_w.l(_scanf.o)
    0x080015b4   0x080015b4   0x000000e4   Code   RO         6689    .text               c_w.l(bigflt0.o)
    0x08001698   0x08001698   0x00000008   Code   RO         6714    .text               c_w.l(ferror.o)
    0x080016a0   0x080016a0   0x0000000e   Code   RO         6723    .text               c_w.l(defsig_rtmem_outer.o)
    0x080016ae   0x080016ae   0x0000004a   Code   RO         6742    .text               c_w.l(sys_stackheap_outer.o)
    0x080016f8   0x080016f8   0x00000010   Code   RO         6744    .text               c_w.l(rt_ctype_table.o)
    0x08001708   0x08001708   0x00000012   Code   RO         6750    .text               c_w.l(exit.o)
    0x0800171a   0x0800171a   0x0000000a   Code   RO         6752    .text               c_w.l(defsig_exit.o)
    0x08001724   0x08001724   0x00000050   Code   RO         6754    .text               c_w.l(defsig_rtmem_inner.o)
    0x08001774   0x08001774   0x00000032   Code   RO         6779    .text               c_w.l(defsig_general.o)
    0x080017a6   0x080017a6   0x0000003e   Code   RO         6692    CL$$btod_d2e        c_w.l(btod.o)
    0x080017e4   0x080017e4   0x00000046   Code   RO         6694    CL$$btod_d2e_denorm_low  c_w.l(btod.o)
    0x0800182a   0x0800182a   0x00000060   Code   RO         6693    CL$$btod_d2e_norm_op1  c_w.l(btod.o)
    0x0800188a   0x0800188a   0x00000338   Code   RO         6702    CL$$btod_div_common  c_w.l(btod.o)
    0x08001bc2   0x08001bc2   0x000000dc   Code   RO         6699    CL$$btod_e2e        c_w.l(btod.o)
    0x08001c9e   0x08001c9e   0x0000002a   Code   RO         6696    CL$$btod_ediv       c_w.l(btod.o)
    0x08001cc8   0x08001cc8   0x0000002a   Code   RO         6695    CL$$btod_emul       c_w.l(btod.o)
    0x08001cf2   0x08001cf2   0x00000244   Code   RO         6701    CL$$btod_mult_common  c_w.l(btod.o)
    0x08001f36   0x08001f36   0x00000052   Code   RO         3538    i.ADC_ConversionStop_Disable  stm32f1xx_hal_adc.o
    0x08001f88   0x08001f88   0x00000052   Code   RO         3539    i.ADC_DMAConvCplt   stm32f1xx_hal_adc.o
    0x08001fda   0x08001fda   0x0000001e   Code   RO         3540    i.ADC_DMAError      stm32f1xx_hal_adc.o
    0x08001ff8   0x08001ff8   0x0000000e   Code   RO         3541    i.ADC_DMAHalfConvCplt  stm32f1xx_hal_adc.o
    0x08002006   0x08002006   0x00000002   PAD
    0x08002008   0x08002008   0x00000084   Code   RO         3542    i.ADC_Enable        stm32f1xx_hal_adc.o
    0x0800208c   0x0800208c   0x00000038   Code   RO         5603    i.BMP280_Get_Pressure  bmp280.o
    0x080020c4   0x080020c4   0x00000038   Code   RO         5604    i.BMP280_Get_Temperature  bmp280.o
    0x080020fc   0x080020fc   0x0000000a   Code   RO         5605    i.BMP280_ReadID     bmp280.o
    0x08002106   0x08002106   0x00000038   Code   RO         5606    i.BMP280_Read_Byte  bmp280.o
    0x0800213e   0x0800213e   0x0000001e   Code   RO         5607    i.BMP280_Set_Standby_FILTER  bmp280.o
    0x0800215c   0x0800215c   0x0000001e   Code   RO         5608    i.BMP280_Set_TemOversamp  bmp280.o
    0x0800217a   0x0800217a   0x0000002e   Code   RO         5609    i.BMP280_Write_Byte  bmp280.o
    0x080021a8   0x080021a8   0x00000190   Code   RO         5610    i.Bmp_Init          bmp280.o
    0x08002338   0x08002338   0x00000004   Code   RO          329    i.BusFault_Handler  stm32f1xx_it.o
    0x0800233c   0x0800233c   0x0000003c   Code   RO         5700    i.DHT11_GPIO_Config  dht11.o
    0x08002378   0x08002378   0x00000018   Code   RO         5701    i.DHT11_Mode_IPU    dht11.o
    0x08002390   0x08002390   0x00000018   Code   RO         5702    i.DHT11_Mode_Out_PP  dht11.o
    0x080023a8   0x080023a8   0x0000002c   Code   RO         5529    i.DMA1_Channel1_IRQHandler  adc.o
    0x080023d4   0x080023d4   0x0000002c   Code   RO         1135    i.DMA_SetConfig     stm32f1xx_hal_dma.o
    0x08002400   0x08002400   0x00000002   Code   RO          330    i.DebugMon_Handler  stm32f1xx_it.o
    0x08002402   0x08002402   0x00000002   PAD
    0x08002404   0x08002404   0x00000104   Code   RO         3442    i.HAL_ADCEx_Calibration_Start  stm32f1xx_hal_adc_ex.o
    0x08002508   0x08002508   0x00000160   Code   RO         3544    i.HAL_ADC_ConfigChannel  stm32f1xx_hal_adc.o
    0x08002668   0x08002668   0x00000002   Code   RO         3545    i.HAL_ADC_ConvCpltCallback  stm32f1xx_hal_adc.o
    0x0800266a   0x0800266a   0x00000002   Code   RO         3546    i.HAL_ADC_ConvHalfCpltCallback  stm32f1xx_hal_adc.o
    0x0800266c   0x0800266c   0x00000002   Code   RO         3548    i.HAL_ADC_ErrorCallback  stm32f1xx_hal_adc.o
    0x0800266e   0x0800266e   0x00000002   PAD
    0x08002670   0x08002670   0x00000160   Code   RO         3553    i.HAL_ADC_Init      stm32f1xx_hal_adc.o
    0x080027d0   0x080027d0   0x00000084   Code   RO         5530    i.HAL_ADC_MspInit   adc.o
    0x08002854   0x08002854   0x00000180   Code   RO         3560    i.HAL_ADC_Start_DMA  stm32f1xx_hal_adc.o
    0x080029d4   0x080029d4   0x000001a8   Code   RO         1137    i.HAL_DMA_Abort_IT  stm32f1xx_hal_dma.o
    0x08002b7c   0x08002b7c   0x0000008c   Code   RO         1142    i.HAL_DMA_Init      stm32f1xx_hal_dma.o
    0x08002c08   0x08002c08   0x0000009c   Code   RO         1146    i.HAL_DMA_Start_IT  stm32f1xx_hal_dma.o
    0x08002ca4   0x08002ca4   0x00000340   Code   RO         1233    i.HAL_GPIO_Init     stm32f1xx_hal_gpio.o
    0x08002fe4   0x08002fe4   0x00000010   Code   RO         1235    i.HAL_GPIO_ReadPin  stm32f1xx_hal_gpio.o
    0x08002ff4   0x08002ff4   0x00000014   Code   RO         1236    i.HAL_GPIO_TogglePin  stm32f1xx_hal_gpio.o
    0x08003008   0x08003008   0x0000000c   Code   RO         1237    i.HAL_GPIO_WritePin  stm32f1xx_hal_gpio.o
    0x08003014   0x08003014   0x0000000c   Code   RO          850    i.HAL_GetTick       stm32f1xx_hal.o
    0x08003020   0x08003020   0x00000018   Code   RO          856    i.HAL_IncTick       stm32f1xx_hal.o
    0x08003038   0x08003038   0x00000028   Code   RO          857    i.HAL_Init          stm32f1xx_hal.o
    0x08003060   0x08003060   0x0000004c   Code   RO          858    i.HAL_InitTick      stm32f1xx_hal.o
    0x080030ac   0x080030ac   0x00000002   Code   RO          860    i.HAL_MspInit       stm32f1xx_hal.o
    0x080030ae   0x080030ae   0x00000020   Code   RO         1015    i.HAL_NVIC_EnableIRQ  stm32f1xx_hal_cortex.o
    0x080030ce   0x080030ce   0x0000007c   Code   RO         1021    i.HAL_NVIC_SetPriority  stm32f1xx_hal_cortex.o
    0x0800314a   0x0800314a   0x00000002   PAD
    0x0800314c   0x0800314c   0x00000028   Code   RO         1022    i.HAL_NVIC_SetPriorityGrouping  stm32f1xx_hal_cortex.o
    0x08003174   0x08003174   0x00000134   Code   RO         1565    i.HAL_RCCEx_GetPeriphCLKFreq  stm32f1xx_hal_rcc_ex.o
    0x080032a8   0x080032a8   0x00000130   Code   RO         1566    i.HAL_RCCEx_PeriphCLKConfig  stm32f1xx_hal_rcc_ex.o
    0x080033d8   0x080033d8   0x0000018c   Code   RO         1458    i.HAL_RCC_ClockConfig  stm32f1xx_hal_rcc.o
    0x08003564   0x08003564   0x0000000c   Code   RO         1463    i.HAL_RCC_GetHCLKFreq  stm32f1xx_hal_rcc.o
    0x08003570   0x08003570   0x00000020   Code   RO         1465    i.HAL_RCC_GetPCLK1Freq  stm32f1xx_hal_rcc.o
    0x08003590   0x08003590   0x00000020   Code   RO         1466    i.HAL_RCC_GetPCLK2Freq  stm32f1xx_hal_rcc.o
    0x080035b0   0x080035b0   0x00000094   Code   RO         1467    i.HAL_RCC_GetSysClockFreq  stm32f1xx_hal_rcc.o
    0x08003644   0x08003644   0x00000464   Code   RO         1470    i.HAL_RCC_OscConfig  stm32f1xx_hal_rcc.o
    0x08003aa8   0x08003aa8   0x00000028   Code   RO         1024    i.HAL_SYSTICK_CLKSourceConfig  stm32f1xx_hal_cortex.o
    0x08003ad0   0x08003ad0   0x00000034   Code   RO         1026    i.HAL_SYSTICK_Config  stm32f1xx_hal_cortex.o
    0x08003b04   0x08003b04   0x00000002   Code   RO         3175    i.HAL_TIMEx_BreakCallback  stm32f1xx_hal_tim_ex.o
    0x08003b06   0x08003b06   0x00000002   Code   RO         3176    i.HAL_TIMEx_CommutCallback  stm32f1xx_hal_tim_ex.o
    0x08003b08   0x08003b08   0x00000002   Code   RO         2494    i.HAL_TIM_IC_CaptureCallback  stm32f1xx_hal_tim.o
    0x08003b0a   0x08003b0a   0x00000196   Code   RO         2508    i.HAL_TIM_IRQHandler  stm32f1xx_hal_tim.o
    0x08003ca0   0x08003ca0   0x00000002   Code   RO         2511    i.HAL_TIM_OC_DelayElapsedCallback  stm32f1xx_hal_tim.o
    0x08003ca2   0x08003ca2   0x00000002   Code   RO         2538    i.HAL_TIM_PWM_PulseFinishedCallback  stm32f1xx_hal_tim.o
    0x08003ca4   0x08003ca4   0x00000020   Code   RO         4013    i.HAL_TIM_PeriodElapsedCallback  btim.o
    0x08003cc4   0x08003cc4   0x00000002   Code   RO         2551    i.HAL_TIM_TriggerCallback  stm32f1xx_hal_tim.o
    0x08003cc6   0x08003cc6   0x00000002   Code   RO         1621    i.HAL_UART_ErrorCallback  stm32f1xx_hal_uart.o
    0x08003cc8   0x08003cc8   0x00000154   Code   RO         1624    i.HAL_UART_IRQHandler  stm32f1xx_hal_uart.o
    0x08003e1c   0x08003e1c   0x00000072   Code   RO         1625    i.HAL_UART_Init     stm32f1xx_hal_uart.o
    0x08003e8e   0x08003e8e   0x00000002   PAD
    0x08003e90   0x08003e90   0x000001fc   Code   RO          738    i.HAL_UART_MspInit  usart.o
    0x0800408c   0x0800408c   0x00000070   Code   RO         1630    i.HAL_UART_Receive_IT  stm32f1xx_hal_uart.o
    0x080040fc   0x080040fc   0x000001c4   Code   RO          739    i.HAL_UART_RxCpltCallback  usart.o
    0x080042c0   0x080042c0   0x000000d2   Code   RO         1633    i.HAL_UART_Transmit  stm32f1xx_hal_uart.o
    0x08004392   0x08004392   0x00000002   Code   RO         1636    i.HAL_UART_TxCpltCallback  stm32f1xx_hal_uart.o
    0x08004394   0x08004394   0x00000030   Code   RO         5781    i.HC05_SendString   hc05.o
    0x080043c4   0x080043c4   0x00000064   Code   RO         5782    i.HC05_show         hc05.o
    0x08004428   0x08004428   0x00000004   Code   RO          331    i.HardFault_Handler  stm32f1xx_it.o
    0x0800442c   0x0800442c   0x00000004   Code   RO          332    i.MemManage_Handler  stm32f1xx_it.o
    0x08004430   0x08004430   0x0000005c   Code   RO         5875    i.MyI2C_Init        myi2c.o
    0x0800448c   0x0800448c   0x00000014   Code   RO         5876    i.MyI2C_R_SDA       myi2c.o
    0x080044a0   0x080044a0   0x0000001e   Code   RO         5877    i.MyI2C_ReceiveAck  myi2c.o
    0x080044be   0x080044be   0x00000034   Code   RO         5878    i.MyI2C_ReceiveByte  myi2c.o
    0x080044f2   0x080044f2   0x0000002a   Code   RO         5880    i.MyI2C_SendByte    myi2c.o
    0x0800451c   0x0800451c   0x0000001c   Code   RO         5881    i.MyI2C_Start       myi2c.o
    0x08004538   0x08004538   0x00000016   Code   RO         5882    i.MyI2C_Stop        myi2c.o
    0x0800454e   0x0800454e   0x00000002   PAD
    0x08004550   0x08004550   0x00000024   Code   RO         5883    i.MyI2C_W_SCL       myi2c.o
    0x08004574   0x08004574   0x00000024   Code   RO         5884    i.MyI2C_W_SDA       myi2c.o
    0x08004598   0x08004598   0x00000002   Code   RO          333    i.NMI_Handler       stm32f1xx_it.o
    0x0800459a   0x0800459a   0x00000002   PAD
    0x0800459c   0x0800459c   0x00000028   Code   RO         5956    i.OLED_Clear        oled.o
    0x080045c4   0x080045c4   0x000000a8   Code   RO         5957    i.OLED_ClearArea    oled.o
    0x0800466c   0x0800466c   0x00000074   Code   RO         5965    i.OLED_GPIO_Init    oled.o
    0x080046e0   0x080046e0   0x0000003e   Code   RO         5967    i.OLED_I2C_SendByte  oled.o
    0x0800471e   0x0800471e   0x0000001c   Code   RO         5968    i.OLED_I2C_Start    oled.o
    0x0800473a   0x0800473a   0x00000016   Code   RO         5969    i.OLED_I2C_Stop     oled.o
    0x08004750   0x08004750   0x0000009a   Code   RO         5970    i.OLED_Init         oled.o
    0x080047ea   0x080047ea   0x00000014   Code   RO         5972    i.OLED_Pow          oled.o
    0x080047fe   0x080047fe   0x00000022   Code   RO         5976    i.OLED_SetCursor    oled.o
    0x08004820   0x08004820   0x00000054   Code   RO         5978    i.OLED_ShowChar     oled.o
    0x08004874   0x08004874   0x000000d2   Code   RO         5980    i.OLED_ShowFloatNum  oled.o
    0x08004946   0x08004946   0x00000060   Code   RO         5981    i.OLED_ShowHexNum   oled.o
    0x080049a6   0x080049a6   0x00000002   PAD
    0x080049a8   0x080049a8   0x0000012c   Code   RO         5982    i.OLED_ShowImage    oled.o
    0x08004ad4   0x08004ad4   0x0000004c   Code   RO         5983    i.OLED_ShowNum      oled.o
    0x08004b20   0x08004b20   0x0000002e   Code   RO         5985    i.OLED_ShowString   oled.o
    0x08004b4e   0x08004b4e   0x00000002   PAD
    0x08004b50   0x08004b50   0x00000028   Code   RO         5986    i.OLED_Update       oled.o
    0x08004b78   0x08004b78   0x00000028   Code   RO         5988    i.OLED_W_SCL        oled.o
    0x08004ba0   0x08004ba0   0x00000028   Code   RO         5989    i.OLED_W_SDA        oled.o
    0x08004bc8   0x08004bc8   0x00000020   Code   RO         5990    i.OLED_WriteCommand  oled.o
    0x08004be8   0x08004be8   0x0000002e   Code   RO         5991    i.OLED_WriteData    oled.o
    0x08004c16   0x08004c16   0x00000002   PAD
    0x08004c18   0x08004c18   0x00000028   Code   RO         1471    i.RCC_Delay         stm32f1xx_hal_rcc.o
    0x08004c40   0x08004c40   0x00000060   Code   RO         5703    i.Read_Byte         dht11.o
    0x08004ca0   0x08004ca0   0x000000a4   Code   RO         5704    i.Read_DHT11        dht11.o
    0x08004d44   0x08004d44   0x000000e8   Code   RO          740    i.SendFormattedData  usart.o
    0x08004e2c   0x08004e2c   0x00000014   Code   RO          621    i.SysTick_Handler   delay.o
    0x08004e40   0x08004e40   0x00000002   Code   RO          293    i.SystemInit        system_stm32f1xx.o
    0x08004e42   0x08004e42   0x00000002   PAD
    0x08004e44   0x08004e44   0x00000010   Code   RO         4014    i.TIM6_IRQHandler   btim.o
    0x08004e54   0x08004e54   0x00000014   Code   RO         1638    i.UART_DMAAbortOnError  stm32f1xx_hal_uart.o
    0x08004e68   0x08004e68   0x00000020   Code   RO         1648    i.UART_EndRxTransfer  stm32f1xx_hal_uart.o
    0x08004e88   0x08004e88   0x00000020   Code   RO         1649    i.UART_EndTransmit_IT  stm32f1xx_hal_uart.o
    0x08004ea8   0x08004ea8   0x000000a0   Code   RO         1651    i.UART_Receive_IT   stm32f1xx_hal_uart.o
    0x08004f48   0x08004f48   0x000000fc   Code   RO         1652    i.UART_SetConfig    stm32f1xx_hal_uart.o
    0x08005044   0x08005044   0x00000060   Code   RO         1653    i.UART_Transmit_IT  stm32f1xx_hal_uart.o
    0x080050a4   0x080050a4   0x0000006c   Code   RO         1654    i.UART_WaitOnFlagUntilTimeout  stm32f1xx_hal_uart.o
    0x08005110   0x08005110   0x00000010   Code   RO          741    i.USART1_IRQHandler  usart.o
    0x08005120   0x08005120   0x00000010   Code   RO          742    i.USART2_IRQHandler  usart.o
    0x08005130   0x08005130   0x00000010   Code   RO          743    i.USART3_IRQHandler  usart.o
    0x08005140   0x08005140   0x00000004   Code   RO          334    i.UsageFault_Handler  stm32f1xx_it.o
    0x08005144   0x08005144   0x00000028   Code   RO         6738    i.__ARM_fpclassify  m_ws.l(fpclassify.o)
    0x0800516c   0x0800516c   0x00000010   Code   RO         1028    i.__NVIC_GetPriorityGrouping  stm32f1xx_hal_cortex.o
    0x0800517c   0x0800517c   0x00000028   Code   RO         1029    i.__NVIC_SetPriority  stm32f1xx_hal_cortex.o
    0x080051a4   0x080051a4   0x0000000e   Code   RO         6340    i._is_digit         c_w.l(__printf_wp.o)
    0x080051b2   0x080051b2   0x00000004   Code   RO          745    i._sys_exit         usart.o
    0x080051b6   0x080051b6   0x00000004   Code   RO          746    i._ttywrch          usart.o
    0x080051ba   0x080051ba   0x00000002   PAD
    0x080051bc   0x080051bc   0x00000054   Code   RO         5532    i.adc_dma_enable    adc.o
    0x08005210   0x08005210   0x00000148   Code   RO         5533    i.adc_dma_init      adc.o
    0x08005358   0x08005358   0x00000038   Code   RO         5536    i.adc_init          adc.o
    0x08005390   0x08005390   0x00000298   Code   RO         5611    i.bmp280_compensate_P_double  bmp280.o
    0x08005628   0x08005628   0x00000144   Code   RO         5612    i.bmp280_compensate_T_double  bmp280.o
    0x0800576c   0x0800576c   0x00000050   Code   RO          622    i.delay_init        delay.o
    0x080057bc   0x080057bc   0x00000018   Code   RO          623    i.delay_ms          delay.o
    0x080057d4   0x080057d4   0x00000048   Code   RO          624    i.delay_us          delay.o
    0x0800581c   0x0800581c   0x0000001c   Code   RO          747    i.fputc             usart.o
    0x08005838   0x08005838   0x0000009c   Code   RO          514    i.freertos_demo     freertos_demo.o
    0x080058d4   0x080058d4   0x00000044   Code   RO         5833    i.led_conctrl       light.o
    0x08005918   0x08005918   0x0000005c   Code   RO         5834    i.led_init          light.o
    0x08005974   0x08005974   0x00000014   Code   RO         5835    i.led_off           light.o
    0x08005988   0x08005988   0x00000014   Code   RO         5836    i.led_on            light.o
    0x0800599c   0x0800599c   0x0000003a   Code   RO           13    i.main              main.o
    0x080059d6   0x080059d6   0x00000002   PAD
    0x080059d8   0x080059d8   0x000000cc   Code   RO         4774    i.prvAddCurrentTaskToDelayedList  tasks.o
    0x08005aa4   0x08005aa4   0x000000ec   Code   RO         4775    i.prvAddNewTaskToReadyList  tasks.o
    0x08005b90   0x08005b90   0x00000064   Code   RO         5199    i.prvCheckForValidListAndQueue  timers.o
    0x08005bf4   0x08005bf4   0x00000048   Code   RO         4776    i.prvCheckTasksWaitingTermination  tasks.o
    0x08005c3c   0x08005c3c   0x0000002a   Code   RO         4334    i.prvCopyDataFromQueue  queue.o
    0x08005c66   0x08005c66   0x0000007e   Code   RO         4335    i.prvCopyDataToQueue  queue.o
    0x08005ce4   0x08005ce4   0x00000012   Code   RO         4777    i.prvDeleteTCB      tasks.o
    0x08005cf6   0x08005cf6   0x00000002   PAD
    0x08005cf8   0x08005cf8   0x00000028   Code   RO         5200    i.prvGetNextExpireTime  timers.o
    0x08005d20   0x08005d20   0x0000007c   Code   RO         5373    i.prvHeapInit       heap_4.o
    0x08005d9c   0x08005d9c   0x00000028   Code   RO         4778    i.prvIdleTask       tasks.o
    0x08005dc4   0x08005dc4   0x0000002e   Code   RO         4338    i.prvInitialiseNewQueue  queue.o
    0x08005df2   0x08005df2   0x00000002   PAD
    0x08005df4   0x08005df4   0x00000104   Code   RO         4779    i.prvInitialiseNewTask  tasks.o
    0x08005ef8   0x08005ef8   0x00000068   Code   RO         4780    i.prvInitialiseTaskLists  tasks.o
    0x08005f60   0x08005f60   0x00000068   Code   RO         5374    i.prvInsertBlockIntoFreeList  heap_4.o
    0x08005fc8   0x08005fc8   0x00000058   Code   RO         5202    i.prvInsertTimerInActiveList  timers.o
    0x08006020   0x08006020   0x0000001a   Code   RO         4339    i.prvIsQueueEmpty   queue.o
    0x0800603a   0x0800603a   0x0000001e   Code   RO         4340    i.prvIsQueueFull    queue.o
    0x08006058   0x08006058   0x000000c4   Code   RO         4341    i.prvNotifyQueueSetContainer  queue.o
    0x0800611c   0x0800611c   0x00000044   Code   RO         5203    i.prvProcessExpiredTimer  timers.o
    0x08006160   0x08006160   0x0000016c   Code   RO         5204    i.prvProcessReceivedCommands  timers.o
    0x080062cc   0x080062cc   0x00000074   Code   RO         5205    i.prvProcessTimerOrBlockTask  timers.o
    0x08006340   0x08006340   0x00000028   Code   RO         5206    i.prvReloadTimer    timers.o
    0x08006368   0x08006368   0x00000030   Code   RO         4782    i.prvResetNextTaskUnblockTime  tasks.o
    0x08006398   0x08006398   0x0000002c   Code   RO         5207    i.prvSampleTimeNow  timers.o
    0x080063c4   0x080063c4   0x00000044   Code   RO         5208    i.prvSwitchTimerLists  timers.o
    0x08006408   0x08006408   0x00000080   Code   RO         5441    i.prvTaskExitError  port.o
    0x08006488   0x08006488   0x0000001e   Code   RO         4163    i.prvTestWaitCondition  event_groups.o
    0x080064a6   0x080064a6   0x0000001a   Code   RO         5209    i.prvTimerTask      timers.o
    0x080064c0   0x080064c0   0x00000090   Code   RO         4342    i.prvUnlockQueue    queue.o
    0x08006550   0x08006550   0x00000194   Code   RO         5375    i.pvPortMalloc      heap_4.o
    0x080066e4   0x080066e4   0x00000024   Code   RO         5442    i.pxPortInitialiseStack  port.o
    0x08006708   0x08006708   0x00000094   Code   RO         6455    i.round             m_ws.l(round.o)
    0x0800679c   0x0800679c   0x00000072   Code   RO         6457    i.roundf            m_ws.l(roundf.o)
    0x0800680e   0x0800680e   0x00000002   PAD
    0x08006810   0x08006810   0x00000050   Code   RO          748    i.sendDecimalToHex  usart.o
    0x08006860   0x08006860   0x0000013c   Code   RO          515    i.start_task        freertos_demo.o
    0x0800699c   0x0800699c   0x00000056   Code   RO          671    i.sys_stm32_clock_init  sys.o
    0x080069f2   0x080069f2   0x00000002   PAD
    0x080069f4   0x080069f4   0x00000060   Code   RO          516    i.task1             freertos_demo.o
    0x08006a54   0x08006a54   0x000000e0   Code   RO          517    i.task2             freertos_demo.o
    0x08006b34   0x08006b34   0x00000070   Code   RO          518    i.task3             freertos_demo.o
    0x08006ba4   0x08006ba4   0x00000224   Code   RO          519    i.task4             freertos_demo.o
    0x08006dc8   0x08006dc8   0x00000190   Code   RO          520    i.task5             freertos_demo.o
    0x08006f58   0x08006f58   0x00000174   Code   RO          521    i.task6             freertos_demo.o
    0x080070cc   0x080070cc   0x000001ec   Code   RO          522    i.task7             freertos_demo.o
    0x080072b8   0x080072b8   0x0000002c   Code   RO          523    i.task8             freertos_demo.o
    0x080072e4   0x080072e4   0x000000a0   Code   RO          749    i.usart_init        usart.o
    0x08007384   0x08007384   0x00000028   Code   RO         4282    i.uxListRemove      list.o
    0x080073ac   0x080073ac   0x0000001c   Code   RO         4796    i.uxTaskResetEventItemValue  tasks.o
    0x080073c8   0x080073c8   0x0000001a   Code   RO         4283    i.vListInitialise   list.o
    0x080073e2   0x080073e2   0x00000006   Code   RO         4284    i.vListInitialiseItem  list.o
    0x080073e8   0x080073e8   0x00000034   Code   RO         4285    i.vListInsert       list.o
    0x0800741c   0x0800741c   0x00000018   Code   RO         4286    i.vListInsertEnd    list.o
    0x08007434   0x08007434   0x00000098   Code   RO         5444    i.vPortEnterCritical  port.o
    0x080074cc   0x080074cc   0x0000007c   Code   RO         5445    i.vPortExitCritical  port.o
    0x08007548   0x08007548   0x000000d8   Code   RO         5376    i.vPortFree         heap_4.o
    0x08007620   0x08007620   0x0000002c   Code   RO         5446    i.vPortSetupTimerInterrupt  port.o
    0x0800764c   0x0800764c   0x0000008c   Code   RO         4348    i.vQueueAddToRegistry  queue.o
    0x080076d8   0x080076d8   0x0000004a   Code   RO         4352    i.vQueueWaitForMessageRestricted  queue.o
    0x08007722   0x08007722   0x00000002   PAD
    0x08007724   0x08007724   0x00000084   Code   RO         4797    i.vTaskDelay        tasks.o
    0x080077a8   0x080077a8   0x00000124   Code   RO         4798    i.vTaskDelete       tasks.o
    0x080078cc   0x080078cc   0x00000018   Code   RO         4802    i.vTaskInternalSetTimeOutState  tasks.o
    0x080078e4   0x080078e4   0x0000000c   Code   RO         4804    i.vTaskMissedYield  tasks.o
    0x080078f0   0x080078f0   0x00000064   Code   RO         4805    i.vTaskPlaceOnEventList  tasks.o
    0x08007954   0x08007954   0x0000008c   Code   RO         4806    i.vTaskPlaceOnEventListRestricted  tasks.o
    0x080079e0   0x080079e0   0x000000b0   Code   RO         4807    i.vTaskPlaceOnUnorderedEventList  tasks.o
    0x08007a90   0x08007a90   0x00000130   Code   RO         4810    i.vTaskRemoveFromUnorderedEventList  tasks.o
    0x08007bc0   0x08007bc0   0x000000c4   Code   RO         4814    i.vTaskStartScheduler  tasks.o
    0x08007c84   0x08007c84   0x00000010   Code   RO         4816    i.vTaskSuspendAll   tasks.o
    0x08007c94   0x08007c94   0x000000b8   Code   RO         4817    i.vTaskSwitchContext  tasks.o
    0x08007d4c   0x08007d4c   0x0000001a   Code   RO         4171    i.xEventGroupCreate  event_groups.o
    0x08007d66   0x08007d66   0x00000002   PAD
    0x08007d68   0x08007d68   0x000000f8   Code   RO         4173    i.xEventGroupSetBits  event_groups.o
    0x08007e60   0x08007e60   0x0000016c   Code   RO         4176    i.xEventGroupWaitBits  event_groups.o
    0x08007fcc   0x08007fcc   0x0000014c   Code   RO         5448    i.xPortStartScheduler  port.o
    0x08008118   0x08008118   0x00000034   Code   RO         5449    i.xPortSysTickHandler  port.o
    0x0800814c   0x0800814c   0x00000090   Code   RO         4357    i.xQueueGenericCreate  queue.o
    0x080081dc   0x080081dc   0x000000fc   Code   RO         4358    i.xQueueGenericReset  queue.o
    0x080082d8   0x080082d8   0x000001e4   Code   RO         4359    i.xQueueGenericSend  queue.o
    0x080084bc   0x080084bc   0x00000184   Code   RO         4365    i.xQueuePeek        queue.o
    0x08008640   0x08008640   0x00000180   Code   RO         4367    i.xQueueReceive     queue.o
    0x080087c0   0x080087c0   0x000000cc   Code   RO         4820    i.xTaskCheckForTimeOut  tasks.o
    0x0800888c   0x0800888c   0x00000060   Code   RO         4821    i.xTaskCreate       tasks.o
    0x080088ec   0x080088ec   0x000000ec   Code   RO         4822    i.xTaskDelayUntil   tasks.o
    0x080089d8   0x080089d8   0x00000020   Code   RO         4830    i.xTaskGetSchedulerState  tasks.o
    0x080089f8   0x080089f8   0x0000000c   Code   RO         4831    i.xTaskGetTickCount  tasks.o
    0x08008a04   0x08008a04   0x000001e8   Code   RO         4833    i.xTaskIncrementTick  tasks.o
    0x08008bec   0x08008bec   0x00000110   Code   RO         4834    i.xTaskPriorityDisinherit  tasks.o
    0x08008cfc   0x08008cfc   0x0000014c   Code   RO         4836    i.xTaskRemoveFromEventList  tasks.o
    0x08008e48   0x08008e48   0x000001a0   Code   RO         4837    i.xTaskResumeAll    tasks.o
    0x08008fe8   0x08008fe8   0x00000080   Code   RO         5217    i.xTimerCreateTimerTask  timers.o
    0x08009068   0x08009068   0x0000002c   Code   RO         6721    locale$$code        c_w.l(lc_numeric_c.o)
    0x08009094   0x08009094   0x0000002c   Code   RO         6775    locale$$code        c_w.l(lc_ctype_c.o)
    0x080090c0   0x080090c0   0x00000062   Code   RO         6381    x$fpl$d2f           fz_ws.l(d2f.o)
    0x08009122   0x08009122   0x00000002   PAD
    0x08009124   0x08009124   0x00000150   Code   RO         6383    x$fpl$dadd          fz_ws.l(daddsub_clz.o)
    0x08009274   0x08009274   0x00000018   Code   RO         6590    x$fpl$dcmpinf       fz_ws.l(dcmpi.o)
    0x0800928c   0x0800928c   0x000002b0   Code   RO         6390    x$fpl$ddiv          fz_ws.l(ddiv.o)
    0x0800953c   0x0800953c   0x00000078   Code   RO         6393    x$fpl$deqf          fz_ws.l(deqf.o)
    0x080095b4   0x080095b4   0x0000005e   Code   RO         6395    x$fpl$dfix          fz_ws.l(dfix.o)
    0x08009612   0x08009612   0x00000002   PAD
    0x08009614   0x08009614   0x0000005a   Code   RO         6399    x$fpl$dfixu         fz_ws.l(dfixu.o)
    0x0800966e   0x0800966e   0x0000002e   Code   RO         6404    x$fpl$dflt          fz_ws.l(dflt_clz.o)
    0x0800969c   0x0800969c   0x00000026   Code   RO         6403    x$fpl$dfltu         fz_ws.l(dflt_clz.o)
    0x080096c2   0x080096c2   0x00000002   PAD
    0x080096c4   0x080096c4   0x00000078   Code   RO         6409    x$fpl$dleqf         fz_ws.l(dleqf.o)
    0x0800973c   0x0800973c   0x00000154   Code   RO         6411    x$fpl$dmul          fz_ws.l(dmul.o)
    0x08009890   0x08009890   0x0000009c   Code   RO         6592    x$fpl$dnaninf       fz_ws.l(dnaninf.o)
    0x0800992c   0x0800992c   0x0000000c   Code   RO         6594    x$fpl$dretinf       fz_ws.l(dretinf.o)
    0x08009938   0x08009938   0x0000006c   Code   RO         6413    x$fpl$drleqf        fz_ws.l(drleqf.o)
    0x080099a4   0x080099a4   0x000000b4   Code   RO         6596    x$fpl$drnd          fz_ws.l(drnd.o)
    0x08009a58   0x08009a58   0x00000016   Code   RO         6384    x$fpl$drsb          fz_ws.l(daddsub_clz.o)
    0x08009a6e   0x08009a6e   0x00000002   PAD
    0x08009a70   0x08009a70   0x000001d4   Code   RO         6385    x$fpl$dsub          fz_ws.l(daddsub_clz.o)
    0x08009c44   0x08009c44   0x00000056   Code   RO         6415    x$fpl$f2d           fz_ws.l(f2d.o)
    0x08009c9a   0x08009c9a   0x00000002   PAD
    0x08009c9c   0x08009c9c   0x000000c4   Code   RO         6417    x$fpl$fadd          fz_ws.l(faddsub_clz.o)
    0x08009d60   0x08009d60   0x00000184   Code   RO         6424    x$fpl$fdiv          fz_ws.l(fdiv.o)
    0x08009ee4   0x08009ee4   0x00000036   Code   RO         6427    x$fpl$ffix          fz_ws.l(ffix.o)
    0x08009f1a   0x08009f1a   0x00000002   PAD
    0x08009f1c   0x08009f1c   0x0000003e   Code   RO         6431    x$fpl$ffixu         fz_ws.l(ffixu.o)
    0x08009f5a   0x08009f5a   0x00000002   PAD
    0x08009f5c   0x08009f5c   0x00000030   Code   RO         6436    x$fpl$fflt          fz_ws.l(fflt_clz.o)
    0x08009f8c   0x08009f8c   0x00000026   Code   RO         6435    x$fpl$ffltu         fz_ws.l(fflt_clz.o)
    0x08009fb2   0x08009fb2   0x00000002   PAD
    0x08009fb4   0x08009fb4   0x00000102   Code   RO         6443    x$fpl$fmul          fz_ws.l(fmul.o)
    0x0800a0b6   0x0800a0b6   0x0000008c   Code   RO         6600    x$fpl$fnaninf       fz_ws.l(fnaninf.o)
    0x0800a142   0x0800a142   0x0000000a   Code   RO         6602    x$fpl$fretinf       fz_ws.l(fretinf.o)
    0x0800a14c   0x0800a14c   0x00000060   Code   RO         6604    x$fpl$frnd          fz_ws.l(frnd.o)
    0x0800a1ac   0x0800a1ac   0x00000014   Code   RO         6418    x$fpl$frsb          fz_ws.l(faddsub_clz.o)
    0x0800a1c0   0x0800a1c0   0x000000ea   Code   RO         6419    x$fpl$fsub          fz_ws.l(faddsub_clz.o)
    0x0800a2aa   0x0800a2aa   0x00000004   Code   RO         6445    x$fpl$printf1       fz_ws.l(printf1.o)
    0x0800a2ae   0x0800a2ae   0x00000000   Code   RO         6612    x$fpl$usenofp       fz_ws.l(usenofp.o)
    0x0800a2ae   0x0800a2ae   0x00000018   Data   RO          294    .constdata          system_stm32f1xx.o
    0x0800a2c6   0x0800a2c6   0x00000946   Data   RO         6213    .constdata          oled_data.o
    0x0800ac0c   0x0800ac0c   0x00000011   Data   RO         6348    .constdata          c_w.l(__printf_flags_ss_wp.o)
    0x0800ac1d   0x0800ac1d   0x00000003   PAD
    0x0800ac20   0x0800ac20   0x00000094   Data   RO         6690    .constdata          c_w.l(bigflt0.o)
    0x0800acb4   0x0800acb4   0x00000020   Data   RO         6831    Region$$Table       anon$$obj.o
    0x0800acd4   0x0800acd4   0x0000001c   Data   RO         6720    locale$$data        c_w.l(lc_numeric_c.o)
    0x0800acf0   0x0800acf0   0x00000110   Data   RO         6774    locale$$data        c_w.l(lc_ctype_c.o)


    Execution Region RW_IRAM1 (Exec base: 0x20000000, Load base: 0x0800ae00, Size: 0x00003b78, Max: 0x00005000, ABSOLUTE)

    Exec Addr    Load Addr    Size         Type   Attr      Idx    E Section Name        Object

    0x20000000   0x0800ae00   0x00000004   Data   RW          295    .data               system_stm32f1xx.o
    0x20000004   0x0800ae04   0x00000038   Data   RW          524    .data               freertos_demo.o
    0x2000003c   0x0800ae3c   0x00000002   Data   RW          625    .data               delay.o
    0x2000003e   0x0800ae3e   0x00000002   PAD
    0x20000040   0x0800ae40   0x0000000f   Data   RW          751    .data               usart.o
    0x2000004f   0x0800ae4f   0x00000001   PAD
    0x20000050   0x0800ae50   0x00000009   Data   RW          864    .data               stm32f1xx_hal.o
    0x20000059   0x0800ae59   0x00000003   PAD
    0x2000005c   0x0800ae5c   0x00000040   Data   RW         4840    .data               tasks.o
    0x2000009c   0x0800ae9c   0x00000014   Data   RW         5226    .data               timers.o
    0x200000b0   0x0800aeb0   0x00000020   Data   RW         5382    .data               heap_4.o
    0x200000d0   0x0800aed0   0x0000000c   Data   RW         5450    .data               port.o
    0x200000dc   0x0800aedc   0x00000001   Data   RW         5538    .data               adc.o
    0x200000dd   0x0800aedd   0x00000003   PAD
    0x200000e0   0x0800aee0   0x00000008   Data   RW         5615    .data               bmp280.o
    0x200000e8        -       0x000003e0   Zero   RW          750    .bss                usart.o
    0x200004c8        -       0x00000048   Zero   RW         4016    .bss                btim.o
    0x20000510        -       0x00000040   Zero   RW         4374    .bss                queue.o
    0x20000550        -       0x000002e4   Zero   RW         4839    .bss                tasks.o
    0x20000834        -       0x00000028   Zero   RW         5225    .bss                timers.o
    0x2000085c        -       0x00002800   Zero   RW         5381    .bss                heap_4.o
    0x2000305c        -       0x000000a4   Zero   RW         5537    .bss                adc.o
    0x20003100        -       0x00000018   Zero   RW         5614    .bss                bmp280.o
    0x20003118        -       0x00000400   Zero   RW         5994    .bss                oled.o
    0x20003518        -       0x00000060   Zero   RW         6639    .bss                c_w.l(libspace.o)
    0x20003578        -       0x00000200   Zero   RW            2    HEAP                startup_stm32f103xe.o
    0x20003778        -       0x00000400   Zero   RW            1    STACK               startup_stm32f103xe.o



  Load Region LR$$.ARM.__AT_0x68000000 (Base: 0x68000000, Size: 0x00000000, Max: 0x00000020, ABSOLUTE)

    Execution Region ER$$.ARM.__AT_0x68000000 (Exec base: 0x68000000, Load base: 0x68000000, Size: 0x00000020, Max: 0x00000020, ABSOLUTE, UNINIT)

    Exec Addr    Load Addr    Size         Type   Attr      Idx    E Section Name        Object

    0x68000000        -       0x00000020   Zero   RW         4067    .ARM.__AT_0x68000000  malloc.o



  Load Region LR$$.ARM.__AT_0x68000020 (Base: 0x68000020, Size: 0x00000000, Max: 0x00000004, ABSOLUTE)

    Execution Region ER$$.ARM.__AT_0x68000020 (Exec base: 0x68000020, Load base: 0x68000020, Size: 0x00000004, Max: 0x00000004, ABSOLUTE, UNINIT)

    Exec Addr    Load Addr    Size         Type   Attr      Idx    E Section Name        Object

    0x68000020        -       0x00000002   Zero   RW         4068    .ARM.__AT_0x68000020  malloc.o


==============================================================================

Image component sizes


      Code (inc. data)   RO Data    RW Data    ZI Data      Debug   Object Name

       644         64          0          1        164       3895   adc.o
      1672         80          0          8         24      10161   bmp280.o
        48         14          0          0         72       1682   btim.o
       196         10          0          2          0       2541   delay.o
       368         26          0          0          0       3201   dht11.o
       668        128          0          0          0      18275   event_groups.o
      2760        472          0         56          0      14243   freertos_demo.o
       148         24          0          0          0       1066   hc05.o
       848        218          0         32      10240       4235   heap_4.o
         0          0          0          0          0       1484   lcd.o
       200         30          0          0          0       2636   light.o
       148          0          0          0          0       3410   list.o
        58          0          0          0          0     529960   main.o
         0          0          0          0         34       1707   malloc.o
       358         22          0          0          0       5262   myi2c.o
      1654         50          0          0       1024      13679   oled.o
         0          0       2374          0          0       1242   oled_data.o
      1018        358          0         12          0       9956   port.o
      2476        392          0          0         64      15984   queue.o
        64         26        304          0       1536        948   startup_stm32f103xe.o
       154         32          0          9          0       6555   stm32f1xx_hal.o
      1434         58          0          0          0       8634   stm32f1xx_hal_adc.o
       260          4          0          0          0       1502   stm32f1xx_hal_adc_ex.o
       344         22          0          0          0      30217   stm32f1xx_hal_cortex.o
       764         18          0          0          0       3593   stm32f1xx_hal_dma.o
       880         40          0          0          0       4076   stm32f1xx_hal_gpio.o
      1784        110          0          0          0       6212   stm32f1xx_hal_rcc.o
       612         46          0          0          0       2501   stm32f1xx_hal_rcc_ex.o
       414          0          0          0          0       3654   stm32f1xx_hal_tim.o
         4          0          0          0          0       1597   stm32f1xx_hal_tim_ex.o
      1480         10          0          0          0       9923   stm32f1xx_hal_uart.o
        20          0          0          0          0       2713   stm32f1xx_it.o
        86          0          0          0          0        739   sys.o
         2          0         24          4          0       1403   system_stm32f1xx.o
      4674       1228          0         64        740      36993   tasks.o
      1082        214          0         20         40      11360   timers.o
      1516        186          0         15        992       9806   usart.o

    ----------------------------------------------------------------------
     28876       3882       2734        232      14932     787045   Object Totals
         0          0         32          0          0          0   (incl. Generated)
        38          0          0          9          2          0   (incl. Padding)

    ----------------------------------------------------------------------

      Code (inc. data)   RO Data    RW Data    ZI Data      Debug   Library Member Name

        60          8          0          0          0         84   __0sscanf.o
        24          4          0          0          0         84   __2printf.o
        44          6          0          0          0         84   __2sprintf.o
         8          0          0          0          0         68   __main.o
       392          4         17          0          0         92   __printf_flags_ss_wp.o
        14          0          0          0          0         68   __printf_wp.o
         0          0          0          0          0          0   __rtentry.o
        12          0          0          0          0          0   __rtentry2.o
         6          0          0          0          0          0   __rtentry4.o
        52          8          0          0          0          0   __scatter.o
        26          0          0          0          0          0   __scatter_copy.o
        28          0          0          0          0          0   __scatter_zi.o
        28          0          0          0          0         68   _chval.o
        44          0          0          0          0        108   _printf_char.o
        48          6          0          0          0         96   _printf_char_common.o
        36          4          0          0          0         80   _printf_char_file.o
         6          0          0          0          0          0   _printf_d.o
       120         16          0          0          0         92   _printf_dec.o
         6          0          0          0          0          0   _printf_f.o
      1054          0          0          0          0        216   _printf_fp_dec.o
       128         16          0          0          0         84   _printf_fp_infnan.o
       178          0          0          0          0         88   _printf_intcommon.o
        78          0          0          0          0        108   _printf_pad.o
         0          0          0          0          0          0   _printf_percent.o
         4          0          0          0          0          0   _printf_percent_end.o
         6          0          0          0          0          0   _printf_s.o
        82          0          0          0          0         80   _printf_str.o
         6          0          0          0          0          0   _printf_u.o
       884          4          0          0          0        100   _scanf.o
       332          0          0          0          0         96   _scanf_int.o
        64          0          0          0          0         84   _sgetc.o
        10          0          0          0          0         68   _sputc.o
        16          0          0          0          0         68   aeabi_memset.o
       228          4        148          0          0         96   bigflt0.o
      1936        128          0          0          0        672   btod.o
        10          0          0          0          0         68   defsig_exit.o
        50          0          0          0          0         88   defsig_general.o
        80         58          0          0          0         76   defsig_rtmem_inner.o
        14          0          0          0          0         80   defsig_rtmem_outer.o
        18          0          0          0          0         80   exit.o
         8          0          0          0          0         68   ferror.o
        94          0          0          0          0         80   h1_alloc.o
        52          0          0          0          0         68   h1_extend.o
        78          0          0          0          0         80   h1_free.o
        14          0          0          0          0         84   h1_init.o
         6          0          0          0          0        152   heapauxi.o
         4          0          0          0          0        136   hguard.o
       138          0          0          0          0        168   init_alloc.o
        18          0          0          0          0         76   isspace.o
        44         10        272          0          0         76   lc_ctype_c.o
        44         10         28          0          0         76   lc_numeric_c.o
         2          0          0          0          0          0   libinit.o
        38          0          0          0          0          0   libinit2.o
         2          0          0          0          0          0   libshutdown.o
         2          0          0          0          0          0   libshutdown2.o
         8          4          0          0         96         68   libspace.o
       138          0          0          0          0         80   lludiv10.o
         0          0          0          0          0          0   maybetermalloc1.o
        16          4          0          0          0         76   rt_ctype_table.o
         8          4          0          0          0         68   rt_heap_descriptor_intlibspace.o
         8          4          0          0          0         68   rt_locale_intlibspace.o
        68          0          0          0          0         68   rt_memclr.o
        78          0          0          0          0         80   rt_memclr_w.o
       138          0          0          0          0         68   rt_memcpy_v6.o
       100          0          0          0          0         80   rt_memcpy_w.o
         2          0          0          0          0          0   rtexit.o
        10          0          0          0          0          0   rtexit2.o
        44          8          0          0          0         84   scanf_char.o
       128          0          0          0          0         68   strcmpv7m.o
        62          0          0          0          0         76   strlen.o
        74          0          0          0          0         80   sys_stackheap_outer.o
         2          0          0          0          0         68   use_no_semi.o
         2          0          0          0          0         68   use_no_semi_2.o
        98          4          0          0          0         92   d2f.o
       826         16          0          0          0        348   daddsub_clz.o
        24          0          0          0          0         68   dcmpi.o
       688        140          0          0          0        208   ddiv.o
       120          4          0          0          0         92   deqf.o
        94          4          0          0          0         92   dfix.o
        90          4          0          0          0         92   dfixu.o
        84          0          0          0          0        136   dflt_clz.o
       120          4          0          0          0         92   dleqf.o
       340         12          0          0          0        104   dmul.o
       156          4          0          0          0         92   dnaninf.o
        12          0          0          0          0         68   dretinf.o
       108          0          0          0          0         80   drleqf.o
       180          4          0          0          0         80   drnd.o
        86          4          0          0          0         84   f2d.o
       450          8          0          0          0        236   faddsub_clz.o
       388         76          0          0          0         96   fdiv.o
        54          4          0          0          0         84   ffix.o
        62          4          0          0          0         84   ffixu.o
        86          0          0          0          0        136   fflt_clz.o
       258          4          0          0          0         84   fmul.o
       140          4          0          0          0         84   fnaninf.o
        10          0          0          0          0         68   fretinf.o
        96          4          0          0          0         76   frnd.o
         4          0          0          0          0         68   printf1.o
         0          0          0          0          0          0   usenofp.o
        40          0          0          0          0         68   fpclassify.o
       148         12          0          0          0         88   round.o
       114          0          0          0          0         80   roundf.o

    ----------------------------------------------------------------------
     12466        626        468          0         96       8220   Library Totals
        28          0          3          0          0          0   (incl. Padding)

    ----------------------------------------------------------------------

      Code (inc. data)   RO Data    RW Data    ZI Data      Debug   Library Name

      7562        310        465          0         96       5240   c_w.l
      4574        304          0          0          0       2744   fz_ws.l
       302         12          0          0          0        236   m_ws.l

    ----------------------------------------------------------------------
     12466        626        468          0         96       8220   Library Totals

    ----------------------------------------------------------------------

==============================================================================


      Code (inc. data)   RO Data    RW Data    ZI Data      Debug   

     41342       4508       3202        232      15028     778881   Grand Totals
     41342       4508       3202        232      15028     778881   ELF Image Totals
     41342       4508       3202        232          0          0   ROM Totals

==============================================================================

    Total RO  Size (Code + RO Data)                44544 (  43.50kB)
    Total RW  Size (RW Data + ZI Data)             15260 (  14.90kB)
    Total ROM Size (Code + RO Data + RW Data)      44776 (  43.73kB)

==============================================================================

